Initialising UDS system complete:
  - System type: Client
  - Resource namespace: a4ba067286aa2b64235acc8470e6a680
  - Shared memory size: 1073741824
  - Command buffer id: 1052672
  - Command buffer size: 8192
  - Hashmap size: 4194304
  - Service connected: true
  - Service working directory: Library/DataStore/
Unity Editor version:    6000.7.0a4 (7305b6f6fd4f)
Branch:                  trunk
Build type:              Release
Batch mode:              YES
macOS version:           Version 26.6.2 (Build 25G83)
Darwin version:          25.6.0
Architecture:            arm64
Running under Rosetta:   NO
Available memory:        24576 MB
Date:                    2026-09-15T09:59:12Z
[Licensing::Module] Trying to connect to existing licensing client channel...
[Licensing::IpcConnector] Successfully connected to: "LicenseClient-isaac" at "2026-09-15T09:59:12.808746Z"

COMMAND LINE ARGUMENTS:
/Applications/Unity/Hub/Editor/6000.7.0a4/Unity.app/Contents/MacOS/Unity
-adb2
-batchMode
-noUpm
-name
AssetImportWorkerHW0
-projectPath
/Users/isaac/UnityProjects/GameShowNight
-logFile
Logs/AssetImportWorkerHW0.log
-srvPort
49277
-parentPid
11503
-analyticsCloudUserId
anonymous
-analyticsCloudProjectId
b1e31746-d8d5-4dd1-b346-428c91bb6578
-analyticsLocalProjectId
75f491c75dd4c41e396be7c93ec774c2
-editorAnalyticsEnabled
1
-cbmEditorLicense
17059086e2ac44c10794214ba76d817d2ce8a8b4
-cbmMachineId
n0ZB1j3Yn3w+LjWDGhORqNjzsyg=
-licensingIpc
LicenseClient-isaac
-noDiagnosticSwitchPersistentStore
-job-worker-count
4
-background-job-worker-count
8
-asset-garbage-collectors
1
-force-metal
-name AssetImport
Successfully changed project path to: /Users/isaac/UnityProjects/GameShowNight
/Users/isaac/UnityProjects/GameShowNight
[UnityMemory] Configuration Parameters - Can be set up in boot.config
    "memorysetup-temp-allocator-size-gi-baking-worker=262144"
    "memorysetup-temp-allocator-size-gi-baking-worker=262144"
    "memorysetup-temp-allocator-size-gi-baking-worker=262144"
    "memorysetup-temp-allocator-size-gi-baking-worker=262144"
    "memorysetup-temp-allocator-size-gi-baking-worker=262144"
    "memorysetup-temp-allocator-size-nav-mesh-worker=65536"
    "memorysetup-temp-allocator-size-audio-worker=65536"
    "memorysetup-temp-allocator-size-cloud-worker=32768"
    "memorysetup-entities-archetype-allocator-budget=16777216"
    "memorysetup-entities-query-allocator-budget=16777216"
    "memorysetup-temp-allocator-size-preload-manager=33554432"
    "memorysetup-temp-allocator-size-gfx=262144"
    "memorysetup-allocator-temp-initial-block-size-main=262144"
    "memorysetup-allocator-temp-initial-block-size-worker=262144"
    "memorysetup-temp-allocator-size-background-worker=32768"
    "memorysetup-temp-allocator-size-job-worker=262144"
    "memorysetup-bucket-allocator-granularity=16"
    "memorysetup-bucket-allocator-bucket-count=8"
    "memorysetup-bucket-allocator-block-size=33554432"
    "memorysetup-bucket-allocator-block-count=8"
    "memorysetup-main-allocator-block-size=16777216"
    "memorysetup-thread-allocator-block-size=16777216"
    "memorysetup-main-allocator-mimalloc-enabled=1"
    "memorysetup-gfx-main-allocator-block-size=16777216"
    "memorysetup-gfx-thread-allocator-block-size=16777216"
    "memorysetup-cache-allocator-block-size=4194304"
    "memorysetup-typetree-allocator-block-size=2097152"
    "memorysetup-profiler-bucket-allocator-granularity=16"
    "memorysetup-profiler-bucket-allocator-bucket-count=8"
    "memorysetup-profiler-bucket-allocator-block-size=33554432"
    "memorysetup-profiler-bucket-allocator-block-count=8"
    "memorysetup-profiler-allocator-block-size=16777216"
    "memorysetup-profiler-editor-allocator-block-size=1048576"
    "memorysetup-temp-allocator-size-main=16777216"
    "memorysetup-job-temp-allocator-block-size=2097152"
    "memorysetup-job-temp-allocator-block-size-background=1048576"
    "memorysetup-job-temp-allocator-reduction-small-platforms=262144"
Player connection [8510382464]  Target information:

Player connection [8510382464] Host joined multi-casting on [225.0.0.222:54997]...
Player connection [8510382464] Host joined alternative multi-casting on [225.0.0.222:34997]...
JobSystem: Creating JobQueue using job-worker-count value 4
Input System module state changed to: Initialized.
[Physics::Module] Initialized fallback backend.
[Physics::Module] Id: 0xdecafbad
Library Redirect Path: Library/
[Physics::Module] Selected backend.
[Physics::Module] Name: PhysX
[Physics::Module] Id: 0xf2b8ea05
[Physics::Module] SDK Version: 4.1.2
[Physics::Module] Integration Version: 1.0.0
[Physics::Module] Threading Mode: Multi-Threaded
Initialize engine version: 6000.7.0a4 (7305b6f6fd4f)
[EntityIdStore] init: VM path (explicit commit), pageSize=16384, blockCount=262144, entitiesPerBlock=1024, slots reserved=4294967296 bytes
[Subsystems] Discovering subsystems at path /Applications/Unity/Hub/Editor/6000.7.0a4/Unity.app/Contents/Resources/UnitySubsystems
[Subsystems] Discovering subsystems at path /Users/isaac/UnityProjects/GameShowNight/Assets
Forcing GfxDevice: Metal
GfxDevice: creating device client; kGfxThreadingModeNonThreaded
 preferred device: Apple M5 (high power)
Metal devices available: 1
0: Apple M5 (high power)
Using device Apple M5 (high power)
Initializing Metal device caps: Apple M5
Mac GPU Family: 2
Apple GPU Family: 9
MSL Version: 3.0
Has Float MSAA: 1
Has Float Filtering: 1
ReadWrite Texture Tier: 2
Initialize mono
Mono path[0] = '/Applications/Unity/Hub/Editor/6000.7.0a4/Unity.app/Contents/Resources/Scripting/Managed'
Mono path[1] = '/Applications/Unity/Hub/Editor/6000.7.0a4/Unity.app/Contents/Resources/Scripting/BCLExtensions/runtime/netstandard2.1'
Mono path[2] = '/Applications/Unity/Hub/Editor/6000.7.0a4/Unity.app/Contents/Resources/Scripting/MonoBleedingEdge/lib/mono/unityjit-macos'
Mono config path = '/Applications/Unity/Hub/Editor/6000.7.0a4/Unity.app/Contents/Resources/Scripting/MonoBleedingEdge/etc'
Using monoOptions --debugger-agent=transport=dt_socket,embedding=1,server=y,suspend=n,address=127.0.0.1:56612
CodeReloadManager initialized
Begin MonoManager ReloadAssembly
[Licensing::Client] Error: HandshakeResponse reported an error:
	ResponseCode: 505
	ResponseStatus: Unsupported protocol version '1.19.0-rc.1'.
[Licensing::Module] Error: Failed to handshake to channel: "LicenseClient-isaac"
[Licensing::IpcConnector] LicenseClient-isaac channel disconnected successfully.
[Licensing::IpcConnector] Successfully connected to: "LicenseClient-isaac-6000.7.0" at "2026-09-15T09:59:13.098032Z"
Registering precompiled unity dll's ...
Register platform support module: /Applications/Unity/Hub/Editor/6000.7.0a4/PlaybackEngines/MacStandaloneSupport/UnityEditor.OSXStandalone.Extensions.dll
Registered in 0.000283 seconds.
[Licensing::Client] Handshaking with LicensingClient:
  Version:                 1.19.0-rc.1+a1d64c6
  Session Id:              45e638280d7e45afb361eabcd343ccb5
  Correlation Id:          28f43fdd39630430c21137803ad0ed37
  External correlation Id: 93909154720878298
  Machine Id:              n0ZB1j3Yn3w+LjWDGhORqNjzsyg=
[Licensing::Module] Successfully connected to LicensingClient on channel: "LicenseClient-isaac-6000.7.0" (connect: 0.00s, validation: 0.00s, handshake: 0.05s)
[Licensing::IpcConnector] Successfully connected to: "LicenseClient-isaac-6000.7.0-notifications" at "2026-09-15T09:59:13.148989Z"
[Licensing::Module] Licensing Background thread has ended after 0.34s
[MODES] ModeService[none].Initialize
[MODES] ModeService[none].LoadModes
[MODES] Loading mode Default (0) for mode-current-id-GameShowNight
Package Manager log level set to [2]
[Package Manager] Failed to launch server process. Reason: Unity was launched with the -noUpm command-line argument
[Package Manager] Unable to send message (not connected to server process).
[Package Manager] Cannot connect to Unity Package Manager local server
Native extension for OSXStandalone target not found
ScheduleIndexationOnStartup MainProcess:False IndexOnStartup:True
Scripting: successfully reloaded assembly
- Finished resetting the current domain, in  0.212 seconds
Domain Reload Profiling: 436ms
	BeginReloadAssembly (39ms)
	RebuildNativeTypeToScriptingClass (8ms)
	initialDomainReloadingComplete (24ms)
	LoadAllAssembliesAndSetupDomain (151ms)
		LoadAssemblies (38ms)
		TypeCache.Refresh (105ms)
			TypeCache.ScanAssembly (97ms)
		AnalyzeDomain (0ms)
	FinalizeReload (212ms)
		SetupLoadedEditorAssemblies (0ms)
			BeforeProcessingInitializeOnLoad (57ms)
			ProcessInitializeOnLoadAttributes (29ms)
			ProcessInitializeOnLoadMethodAttributes (66ms)
Initializing Unity extensions:
[Licensing::Client] Successfully resolved entitlement details
[Licensing::Module] License group:
  Id: 5774109399153-UnityPersXXXX
  Product: Unity Personal
  Type: Assigned
  Expiration: Unlimited
[CoreBusinessMetrics] Unexpected thread when updating session info.
[CoreBusinessMetrics] Unexpected thread when updating session info.
========================================================================
Worker process is ready to serve import requests
Curl error 6: Could not resolve: cdp.cloud.unity3d.com:443
Curl error 6: Could not resolve host: cdp.cloud.unity3d.com
Import Worker Mode flag is 0x00
Begin MonoManager ReloadAssembly
ADB: OOP importers: 'AudioImporter' is OOP-eligible (per-importer)
ADB: OOP importers: 'FBXImporter' is OOP-eligible (per-importer)
ADB: OOP importers: 'Mesh3DSImporter' is OOP-eligible (per-importer)
ADB: OOP importers: 'TextureImporter' is OOP-eligible (per-importer)
ADB: OOP importers: 'VideoClipImporter' is OOP-eligible (per-importer)
ADB: OOP importers: queue -1003 composition: TextureImporter, TextureImporter, TextureImporter, TextureImporter, TextureImporter, TextureImporter, TextureImporter, TextureImporter, TextureImporter, TextureImporter, TextureImporter, TextureImporter, TextureImporter, TextureImporter, TextureImporter (only the named importers above run OOP; the rest stay in-process)
ADB: OOP importers: queue 100 composition: Mesh3DSImporter, FBXImporter, FBXImporter, FBXImporter, FBXImporter, FBXImporter, FBXImporter, FBXImporter, FBXImporter, FBXImporter, FBXImporter (only the named importers above run OOP; the rest stay in-process)
ADB: OOP importers: queue 1100 composition: AudioImporter, AudioImporter, AudioImporter, AudioImporter, AudioImporter, AudioImporter, AudioImporter, AudioImporter, AudioImporter, AudioImporter (only the named importers above run OOP; the rest stay in-process)
ADB: OOP importers: queue 1700 composition: VideoClipImporter, VideoClipImporter, VideoClipImporter, VideoClipImporter, VideoClipImporter, VideoClipImporter, VideoClipImporter, VideoClipImporter, VideoClipImporter, VideoClipImporter (only the named importers above run OOP; the rest stay in-process)
'Packages/com.unity.render-pipelines.core/Editor/Deprecated.cs' contains partial class of Unity.Object, exactly 1 of the partial classes needs to be in a file with the same filename. This is to know the one that can be referenced from ie. GameObjects
'Packages/com.unity.render-pipelines.core/Editor/Deprecated.cs' contains partial class of Unity.Object, exactly 1 of the partial classes needs to be in a file with the same filename. This is to know the one that can be referenced from ie. GameObjects
[MODES] ModeService[none].Initialize
[MODES] ModeService[none].LoadModes
[Package Manager] Failed to launch server process. Reason: Unity was launched with the -noUpm command-line argument
[Package Manager] Unable to send message (not connected to server process).
[Package Manager] Cannot connect to Unity Package Manager local server
Native extension for OSXStandalone target not found
[Package Manager] Failed to launch server process. Reason: Unity was launched with the -noUpm command-line argument
[Package Manager] Unable to send message (not connected to server process).
[Package Manager] Cannot connect to Unity Package Manager local server
ScheduleIndexationOnStartup MainProcess:False IndexOnStartup:True
Scripting: successfully reloaded assembly
- Finished resetting the current domain, in  0.334 seconds
Domain Reload Profiling: 709ms
	BeginReloadAssembly (75ms)
		DisableScriptedObjects (3ms)
		CreateAndSetChildDomain (10ms)
	RebuildCommonClasses (4ms)
	RebuildNativeTypeToScriptingClass (7ms)
	initialDomainReloadingComplete (19ms)
	LoadAllAssembliesAndSetupDomain (269ms)
		LoadAssemblies (111ms)
		TypeCache.Refresh (87ms)
			TypeCache.ScanAssembly (76ms)
		AnalyzeDomain (32ms)
			BuildScriptInfoCaches (30ms)
	FinalizeReload (335ms)
		SetupLoadedEditorAssemblies (0ms)
			BeforeProcessingInitializeOnLoad (48ms)
			ProcessInitializeOnLoadAttributes (122ms)
			ProcessInitializeOnLoadMethodAttributes (58ms)
		AwakeInstancesAfterBackupRestoration (3ms)
AcceleratorClientConnectionCallback - disconnected - :0
Launching external process: /Applications/Unity/Hub/Editor/6000.7.0a4/Unity.app/Contents/Helpers/UnityShaderCompiler
WARNING: Shader Unsupported: 'Universal Render Pipeline/VR/SpatialMapping/Wireframe' - All subshaders removed
WARNING: Shader Did you use #pragma only_renderers and omit this platform?
WARNING: Shader If subshaders removal was intentional, you may have forgotten turning Fallback off?
Shader Hidden/ChartRasterizerHardware is not supported: GPU does not support conservative rasterization
Shader Hidden/ChartRasterizerHardware is not supported: GPU does not support conservative rasterization
Launched and connected shader compiler UnityShaderCompiler after 0.01 seconds
Unloading 33 Unused Serialized files (Serialized files now loaded: 0)
Curl error 6: Could not resolve: config.uca.cloud.unity3d.com:443
Curl error 6: Could not resolve host: config.uca.cloud.unity3d.com
Unloading 7247 unused Assets / (6.6 MB). Loaded Objects now: 8242.
Memory consumption went from 499.0 MB to 492.4 MB.
Total: 4.542166 ms (FindLiveObjects: 0.387792 ms CreateObjectMapping: 0.140042 ms MarkObjects: 3.263375 ms  DeleteObjects: 0.674667 ms)

========================================================================
Received Prepare
AcceleratorClientConnectionCallback - disconnected - :0
Thread 0x41a813000 may have been prematurely finalized
Begin MonoManager ReloadAssembly
'Packages/com.unity.render-pipelines.core/Editor/Deprecated.cs' contains partial class of Unity.Object, exactly 1 of the partial classes needs to be in a file with the same filename. This is to know the one that can be referenced from ie. GameObjects
'Packages/com.unity.render-pipelines.core/Editor/Deprecated.cs' contains partial class of Unity.Object, exactly 1 of the partial classes needs to be in a file with the same filename. This is to know the one that can be referenced from ie. GameObjects
[MODES] ModeService[none].Initialize
[MODES] ModeService[none].LoadModes
[Package Manager] Failed to launch server process. Reason: Unity was launched with the -noUpm command-line argument
[Package Manager] Unable to send message (not connected to server process).
[Package Manager] Cannot connect to Unity Package Manager local server
Native extension for OSXStandalone target not found
[Package Manager] Failed to launch server process. Reason: Unity was launched with the -noUpm command-line argument
[Package Manager] Unable to send message (not connected to server process).
[Package Manager] Cannot connect to Unity Package Manager local server
ScheduleIndexationOnStartup MainProcess:False IndexOnStartup:True
Scripting: successfully reloaded assembly
- Finished resetting the current domain, in  0.322 seconds
Domain Reload Profiling: 591ms
	BeginReloadAssembly (85ms)
		DisableScriptedObjects (5ms)
		CreateAndSetChildDomain (16ms)
	RebuildCommonClasses (4ms)
	RebuildNativeTypeToScriptingClass (7ms)
	initialDomainReloadingComplete (19ms)
	LoadAllAssembliesAndSetupDomain (154ms)
		LoadAssemblies (105ms)
		TypeCache.Refresh (6ms)
		AnalyzeDomain (3ms)
	FinalizeReload (322ms)
		SetupLoadedEditorAssemblies (0ms)
			LogAssemblyErrors (3ms)
			BeforeProcessingInitializeOnLoad (51ms)
			ProcessInitializeOnLoadAttributes (115ms)
			ProcessInitializeOnLoadMethodAttributes (31ms)
		AwakeInstancesAfterBackupRestoration (8ms)
WARNING: Shader Unsupported: 'Universal Render Pipeline/VR/SpatialMapping/Wireframe' - All subshaders removed
WARNING: Shader Did you use #pragma only_renderers and omit this platform?
WARNING: Shader If subshaders removal was intentional, you may have forgotten turning Fallback off?
Shader Hidden/ChartRasterizerHardware is not supported: GPU does not support conservative rasterization
Unloading 33 Unused Serialized files (Serialized files now loaded: 0)
Unloading 7245 unused Assets / (6.8 MB). Loaded Objects now: 8246.
Memory consumption went from 507.6 MB to 500.8 MB.
Total: 4.387625 ms (FindLiveObjects: 0.344000 ms CreateObjectMapping: 0.103459 ms MarkObjects: 3.274583 ms  DeleteObjects: 0.598292 ms)

Prepare: number of updated asset objects reloaded= 0
========================================================================
Received Import Request.
  Time of request: 2026-09-15T09:59:28.216861Z
  Time since last request: 98793.63907358300639 seconds.
  importAddress: GUID: 49c55b21c261f42b78e7ec6c81bcce72 - Path: Assets/Scenes/ModifyQuestions.unity - Importer: PreviewImporter
Importing 'GUID: 49c55b21c261f42b78e7ec6c81bcce72 - Path: Assets/Scenes/ModifyQuestions.unity - Importer: PreviewImporter' with importer (PreviewImporter)
Imported 'GUID: 49c55b21c261f42b78e7ec6c81bcce72' -> (Import Result ID: '9d7a3e3d0da716e4ab026cec043f5acc') in 0.001 seconds [static and dynamic dependencies]. Details - ImportResultOutputID=2e6b70fddd7fe4d6b2f91c459dce7c98 DependenciesID=0c62b06e059915d327498ccb7c4f3516 StaticDependenciesID=40478863e5f3724f5189192e23ce7c64 
Number of updated asset objects reloaded before import = 0
Number of asset objects unloaded after import = 0
========================================================================
Received Import Request.
  Time of request: 2026-09-15T09:59:54.724639Z
  Time since last request: 26.496704875 seconds.
  importAddress: GUID: 346c31e335eed4be38d99fdb02f513ec - Path: Assets/Scripts/Categories.cs - Importer: PreviewImporter
Importing 'GUID: 346c31e335eed4be38d99fdb02f513ec - Path: Assets/Scripts/Categories.cs - Importer: PreviewImporter' with importer (PreviewImporter)
Imported 'GUID: 346c31e335eed4be38d99fdb02f513ec' -> (Import Result ID: 'edd25474a8878b5abbd2fde378f0d6f0') in 0.001 seconds [static and dynamic dependencies]. Details - ImportResultOutputID=6ee499179ca3ba8eff374d79ea32b961 DependenciesID=f591bd80385970c158a382589dfcc55c StaticDependenciesID=ef6c01d022d6c0f298aab8c37975cb3a 
Number of updated asset objects reloaded before import = 0
Number of asset objects unloaded after import = 0
========================================================================
Received Import Request.
  Time of request: 2026-09-15T09:59:55.347868Z
  Time since last request: 0.614010917 seconds.
  importAddress: GUID: 3aab2cb6d50004aeabf9199f3c8f67e0 - Path: Assets/Scripts/Category.cs - Importer: PreviewImporter
Importing 'GUID: 3aab2cb6d50004aeabf9199f3c8f67e0 - Path: Assets/Scripts/Category.cs - Importer: PreviewImporter' with importer (PreviewImporter)
Imported 'GUID: 3aab2cb6d50004aeabf9199f3c8f67e0' -> (Import Result ID: '65769e8a37693b2f1522732c4dcf9656') in 0.000 seconds [static and dynamic dependencies]. Details - ImportResultOutputID=f00009aecc55638dfca526745225761c DependenciesID=b03b1b8a55b43e795302097490ac8b15 StaticDependenciesID=633bad089d8db179bba3286fb6be0f1c 
Number of updated asset objects reloaded before import = 0
Number of asset objects unloaded after import = 0
========================================================================
Received Prepare
AcceleratorClientConnectionCallback - disconnected - :0
WARNING: Shader Unsupported: 'Universal Render Pipeline/VR/SpatialMapping/Wireframe' - All subshaders removed
WARNING: Shader Did you use #pragma only_renderers and omit this platform?
WARNING: Shader If subshaders removal was intentional, you may have forgotten turning Fallback off?
Shader Hidden/ChartRasterizerHardware is not supported: GPU does not support conservative rasterization
Refreshing native plugins compatible for Editor in 3.51 ms, found 3 plugins.
Unloading 33 Unused Serialized files (Serialized files now loaded: 0)
Unloading 33 unused Assets / (3.4 MB). Loaded Objects now: 8248.
Memory consumption went from 486.7 MB to 483.3 MB.
Total: 11.892166 ms (FindLiveObjects: 0.626167 ms CreateObjectMapping: 0.102708 ms MarkObjects: 10.678667 ms  DeleteObjects: 0.288250 ms)

Prepare: number of updated asset objects reloaded= 0
========================================================================
Received Prepare
AcceleratorClientConnectionCallback - disconnected - :0
WARNING: Shader Unsupported: 'Universal Render Pipeline/VR/SpatialMapping/Wireframe' - All subshaders removed
WARNING: Shader Did you use #pragma only_renderers and omit this platform?
WARNING: Shader If subshaders removal was intentional, you may have forgotten turning Fallback off?
Shader Hidden/ChartRasterizerHardware is not supported: GPU does not support conservative rasterization
Refreshing native plugins compatible for Editor in 2.42 ms, found 3 plugins.
Unloading 33 Unused Serialized files (Serialized files now loaded: 0)
Unloading 33 unused Assets / (3.4 MB). Loaded Objects now: 8248.
Memory consumption went from 483.7 MB to 480.3 MB.
Total: 4.219417 ms (FindLiveObjects: 0.228125 ms CreateObjectMapping: 0.082958 ms MarkObjects: 3.638833 ms  DeleteObjects: 0.202042 ms)

Prepare: number of updated asset objects reloaded= 0
========================================================================
Received Import Request.
  Time of request: 2026-09-15T10:29:46.187416Z
  Time since last request: 1790.46516087500004 seconds.
  importAddress: GUID: 9bb4917dfad4740d090ca58515067c0e - Path: Assets/Animations.anim - Importer: PreviewImporter
Importing 'GUID: 9bb4917dfad4740d090ca58515067c0e - Path: Assets/Animations.anim - Importer: PreviewImporter' with importer (PreviewImporter)
Imported 'GUID: 9bb4917dfad4740d090ca58515067c0e' -> (Import Result ID: '38afcdecac16610f091438c3924b2ef1') in 0.029 seconds [static and dynamic dependencies]. Details - ImportResultOutputID=77f777ba507783e8418de43144cbacc7 DependenciesID=f496b4fc9de584eb3be912a7e6a111fe StaticDependenciesID=c5de3903415c0688ac2668ac6628f28f 
Number of updated asset objects reloaded before import = 0
Number of asset objects unloaded after import = 1
========================================================================
Received Import Request.
  Time of request: 2026-09-15T10:31:15.075699Z
  Time since last request: 88.844038875 seconds.
  importAddress: GUID: 8ce76954e7eb448898f686cae7f45765 - Path: Assets/Animations - Importer: ScriptedImporter/UnityEditor.QuickSearchModule:UnityEditor.Search:ASIAI0B
Importing 'GUID: 8ce76954e7eb448898f686cae7f45765 - Path: Assets/Animations - Importer: ScriptedImporter/UnityEditor.QuickSearchModule:UnityEditor.Search:ASIAI0B' with importer (ScriptedImporter : UnityEditor.QuickSearchModule:UnityEditor.Search:ASIAI0B)
Imported 'GUID: 8ce76954e7eb448898f686cae7f45765' -> (Import Result ID: '41c853c716bb10f0aa8b41caa6f74f5a') in 0.024 seconds [static and dynamic dependencies]. Details - ImportResultOutputID=6a5f99c3aeba2c646161e9ab992b12c8 DependenciesID=9c09f3b3fb27bff098c3898b6019a550 StaticDependenciesID=f1a9ac5b5328468d84cb44d0d62bbade 
Number of updated asset objects reloaded before import = 0
Number of asset objects unloaded after import = 1
========================================================================
Received Import Request.
  Time of request: 2026-09-15T10:31:15.108672Z
  Time since last request: 0.000512667 seconds.
  importAddress: GUID: 49c55b21c261f42b78e7ec6c81bcce72 - Path: Assets/Scenes/ModifyQuestions.unity - Importer: ScriptedImporter/UnityEditor.QuickSearchModule:UnityEditor.Search:ASIAI0B
Importing 'GUID: 49c55b21c261f42b78e7ec6c81bcce72 - Path: Assets/Scenes/ModifyQuestions.unity - Importer: ScriptedImporter/UnityEditor.QuickSearchModule:UnityEditor.Search:ASIAI0B' with importer (ScriptedImporter : UnityEditor.QuickSearchModule:UnityEditor.Search:ASIAI0B)
Imported 'GUID: 49c55b21c261f42b78e7ec6c81bcce72' -> (Import Result ID: '8edab6a086c5d747b674fe805a35c9e9') in 0.007 seconds [static and dynamic dependencies]. Details - ImportResultOutputID=acd381d636ab3974f595512b6cfad5f9 DependenciesID=b9ae330102d8bc88390f5e38c2617a4e StaticDependenciesID=fb23dea27272a2ac796a8a46fb9acf2d 
Number of updated asset objects reloaded before import = 0
Number of asset objects unloaded after import = 1
========================================================================
Received Import Request.
  Time of request: 2026-09-15T10:31:15.12568Z
  Time since last request: 0.000408625 seconds.
  importAddress: GUID: c8db0d756d9cc40359d29aae00cdb8ff - Path: Assets/Animations/ModifyQuestionAnswerPanel.controller - Importer: ScriptedImporter/UnityEditor.QuickSearchModule:UnityEditor.Search:ASIAI0B
Importing 'GUID: c8db0d756d9cc40359d29aae00cdb8ff - Path: Assets/Animations/ModifyQuestionAnswerPanel.controller - Importer: ScriptedImporter/UnityEditor.QuickSearchModule:UnityEditor.Search:ASIAI0B' with importer (ScriptedImporter : UnityEditor.QuickSearchModule:UnityEditor.Search:ASIAI0B)
Imported 'GUID: c8db0d756d9cc40359d29aae00cdb8ff' -> (Import Result ID: '1daea62083f141f5f6b851782a918346') in 0.005 seconds [static and dynamic dependencies]. Details - ImportResultOutputID=bfda7c16aa7f9c2fcb15184a0e2d9e4f DependenciesID=302d258bea90e90fd4f7da1248064b2d StaticDependenciesID=12e1e02f2a14f61be22220b8a6dbba72 
Number of updated asset objects reloaded before import = 0
Number of asset objects unloaded after import = 1
========================================================================
Received Import Request.
  Time of request: 2026-09-15T10:31:15.140146Z
  Time since last request: 0.000649833 seconds.
  importAddress: GUID: 993cf841bd44d4aa18d89350e1465db7 - Path: Assets/QuestionPanel.controller - Importer: ScriptedImporter/UnityEditor.QuickSearchModule:UnityEditor.Search:ASIAI0B
Importing 'GUID: 993cf841bd44d4aa18d89350e1465db7 - Path: Assets/QuestionPanel.controller - Importer: ScriptedImporter/UnityEditor.QuickSearchModule:UnityEditor.Search:ASIAI0B' with importer (ScriptedImporter : UnityEditor.QuickSearchModule:UnityEditor.Search:ASIAI0B)
Imported 'GUID: 993cf841bd44d4aa18d89350e1465db7' -> (Import Result ID: 'e4313557e21a8ad1cd5e961e8c1f2e82') in 0.004 seconds [static and dynamic dependencies]. Details - ImportResultOutputID=93215cf9042b5a498e0b31260a03f679 DependenciesID=078c28cf2083fd15eaafc7dc840191e4 StaticDependenciesID=48f28a4b43dff93ca6be3b5c7955ac95 
Number of updated asset objects reloaded before import = 0
Number of asset objects unloaded after import = 1
========================================================================
Received Import Request.
  Time of request: 2026-09-15T10:31:15.222045Z
  Time since last request: 0.068708542 seconds.
  importAddress: GUID: 8ce76954e7eb448898f686cae7f45765 - Path: Assets/Animations - Importer: PreviewImporter
Importing 'GUID: 8ce76954e7eb448898f686cae7f45765 - Path: Assets/Animations - Importer: PreviewImporter' with importer (PreviewImporter)
Imported 'GUID: 8ce76954e7eb448898f686cae7f45765' -> (Import Result ID: '3849bdc364467f5ae0d732b7e22b8efa') in 0.000 seconds [static and dynamic dependencies]. Details - ImportResultOutputID=446d9bf6343dd4bfc45254939f7813cc DependenciesID=f8941eca76bc748fca7f2f64a0224fb1 StaticDependenciesID=7e0eee2c011f9963f3e6d8c8c67ac636 
Number of updated asset objects reloaded before import = 0
Number of asset objects unloaded after import = 0
========================================================================
Received Import Request.
  Time of request: 2026-09-15T10:31:16.704839Z
  Time since last request: 1.474187833 seconds.
  importAddress: GUID: c8db0d756d9cc40359d29aae00cdb8ff - Path: Assets/Animations/ModifyQuestionAnswerPanel.controller - Importer: PreviewImporter
Importing 'GUID: c8db0d756d9cc40359d29aae00cdb8ff - Path: Assets/Animations/ModifyQuestionAnswerPanel.controller - Importer: PreviewImporter' with importer (PreviewImporter)
Imported 'GUID: c8db0d756d9cc40359d29aae00cdb8ff' -> (Import Result ID: '4c3659da1f35b3099c7a8f0f49502683') in 0.000 seconds [static and dynamic dependencies]. Details - ImportResultOutputID=f23dee19fca9696a24dcb0b0de2cd382 DependenciesID=1501106bc720151daa7cc85558dd0395 StaticDependenciesID=d4347647d0104fe37fedec4c413944dd 
Number of updated asset objects reloaded before import = 0
Number of asset objects unloaded after import = 1
========================================================================
Received Import Request.
  Time of request: 2026-09-15T10:31:17.299685Z
  Time since last request: 0.585842 seconds.
  importAddress: GUID: 41f67bc063550428dbce3d381963cdcd - Path: Assets/Animations/scaleQuestionAnimation.anim - Importer: PreviewImporter
Importing 'GUID: 41f67bc063550428dbce3d381963cdcd - Path: Assets/Animations/scaleQuestionAnimation.anim - Importer: PreviewImporter' with importer (PreviewImporter)
Imported 'GUID: 41f67bc063550428dbce3d381963cdcd' -> (Import Result ID: '14d5321230e793d9434eb1c605926e6b') in 0.000 seconds [static and dynamic dependencies]. Details - ImportResultOutputID=bae39162aa92321822dd14274b15c110 DependenciesID=46b6c01859900ca0430d0243eb5b7b2a StaticDependenciesID=771195c831e480adc38a1444cdc66145 
Number of updated asset objects reloaded before import = 0
Number of asset objects unloaded after import = 1
========================================================================
Received Import Request.
  Time of request: 2026-09-15T10:31:53.705365Z
  Time since last request: 36.39649975 seconds.
  importAddress: GUID: 112307279142e4dc3938807d6544a293 - Path: Assets/Animations/QuestionPanel.controller - Importer: ScriptedImporter/UnityEditor.QuickSearchModule:UnityEditor.Search:ASIAI0B
Importing 'GUID: 112307279142e4dc3938807d6544a293 - Path: Assets/Animations/QuestionPanel.controller - Importer: ScriptedImporter/UnityEditor.QuickSearchModule:UnityEditor.Search:ASIAI0B' with importer (ScriptedImporter : UnityEditor.QuickSearchModule:UnityEditor.Search:ASIAI0B)
Imported 'GUID: 112307279142e4dc3938807d6544a293' -> (Import Result ID: 'e220a8b7ac34b3cea6d6fe6d379a5b22') in 0.001 seconds [static and dynamic dependencies]. Details - ImportResultOutputID=20f544cc2ad3dd1fa45c677bf364c9cc DependenciesID=570ab86533101457036d935926bdfe57 StaticDependenciesID=a3d39bf3fa580c9179c61815d5a33ec9 
Number of updated asset objects reloaded before import = 0
Number of asset objects unloaded after import = 1
========================================================================
Received Import Request.
  Time of request: 2026-09-15T10:32:59.404576Z
  Time since last request: 65.689623208 seconds.
  importAddress: GUID: d27267aacf0ab4ee48ff935288b26452 - Path: Assets/Animations/QuestionAnimation.anim - Importer: PreviewImporter
Importing 'GUID: d27267aacf0ab4ee48ff935288b26452 - Path: Assets/Animations/QuestionAnimation.anim - Importer: PreviewImporter' with importer (PreviewImporter)
Imported 'GUID: d27267aacf0ab4ee48ff935288b26452' -> (Import Result ID: '58a8fa5d54eac7c5eb0efa4662bf75a0') in 0.003 seconds [static and dynamic dependencies]. Details - ImportResultOutputID=47a24c7a7eb77dff79a18619b7b42707 DependenciesID=511198826eed6e8f0e3718247590d9a6 StaticDependenciesID=cf0f11b54cb86bc6477119af81667421 
Number of updated asset objects reloaded before import = 0
Number of asset objects unloaded after import = 1
========================================================================
Received Import Request.
  Time of request: 2026-09-15T10:33:02.524944Z
  Time since last request: 3.109034916 seconds.
  importAddress: GUID: 112307279142e4dc3938807d6544a293 - Path: Assets/Animations/QuestionPanel.controller - Importer: PreviewImporter
Importing 'GUID: 112307279142e4dc3938807d6544a293 - Path: Assets/Animations/QuestionPanel.controller - Importer: PreviewImporter' with importer (PreviewImporter)
Imported 'GUID: 112307279142e4dc3938807d6544a293' -> (Import Result ID: '8961e2d99355d96c4e3c28978fe681ac') in 0.003 seconds [static and dynamic dependencies]. Details - ImportResultOutputID=64e6a5b63bb14a6b22b65450abe191c6 DependenciesID=c6a66aceaa70a089bb3222195844100b StaticDependenciesID=5982ec547763dae385e2b3afb7c71619 
Number of updated asset objects reloaded before import = 0
Number of asset objects unloaded after import = 1
========================================================================
Received Prepare
AcceleratorClientConnectionCallback - disconnected - :0
WARNING: Shader Unsupported: 'Universal Render Pipeline/VR/SpatialMapping/Wireframe' - All subshaders removed
WARNING: Shader Did you use #pragma only_renderers and omit this platform?
WARNING: Shader If subshaders removal was intentional, you may have forgotten turning Fallback off?
Shader Hidden/ChartRasterizerHardware is not supported: GPU does not support conservative rasterization
Refreshing native plugins compatible for Editor in 2.33 ms, found 3 plugins.
Unloading 33 Unused Serialized files (Serialized files now loaded: 0)
Unloading 33 unused Assets / (3.4 MB). Loaded Objects now: 8249.
Memory consumption went from 481.6 MB to 478.3 MB.
Total: 12.101250 ms (FindLiveObjects: 0.406334 ms CreateObjectMapping: 0.102083 ms MarkObjects: 11.070042 ms  DeleteObjects: 0.417458 ms)

Prepare: number of updated asset objects reloaded= 0
========================================================================
Received Prepare
AcceleratorClientConnectionCallback - disconnected - :0
WARNING: Shader Unsupported: 'Universal Render Pipeline/VR/SpatialMapping/Wireframe' - All subshaders removed
WARNING: Shader Did you use #pragma only_renderers and omit this platform?
WARNING: Shader If subshaders removal was intentional, you may have forgotten turning Fallback off?
Shader Hidden/ChartRasterizerHardware is not supported: GPU does not support conservative rasterization
Refreshing native plugins compatible for Editor in 4.38 ms, found 3 plugins.
Unloading 33 Unused Serialized files (Serialized files now loaded: 0)
Unloading 33 unused Assets / (3.4 MB). Loaded Objects now: 8249.
Memory consumption went from 478.7 MB to 475.4 MB.
Total: 6.547791 ms (FindLiveObjects: 0.261833 ms CreateObjectMapping: 0.075667 ms MarkObjects: 5.939750 ms  DeleteObjects: 0.197834 ms)

Prepare: number of updated asset objects reloaded= 0
========================================================================
Received Prepare
AcceleratorClientConnectionCallback - disconnected - :0
WARNING: Shader Unsupported: 'Universal Render Pipeline/VR/SpatialMapping/Wireframe' - All subshaders removed
WARNING: Shader Did you use #pragma only_renderers and omit this platform?
WARNING: Shader If subshaders removal was intentional, you may have forgotten turning Fallback off?
Shader Hidden/ChartRasterizerHardware is not supported: GPU does not support conservative rasterization
Unloading 33 Unused Serialized files (Serialized files now loaded: 0)
Unloading 33 unused Assets / (3.4 MB). Loaded Objects now: 8249.
Memory consumption went from 475.9 MB to 472.4 MB.
Total: 4.292958 ms (FindLiveObjects: 0.234792 ms CreateObjectMapping: 0.053791 ms MarkObjects: 3.738209 ms  DeleteObjects: 0.192125 ms)

Prepare: number of updated asset objects reloaded= 0
========================================================================
Received Import Request.
  Time of request: 2026-09-15T10:42:34.673962Z
  Time since last request: 572.13684158299998 seconds.
  importAddress: GUID: 112307279142e4dc3938807d6544a293 - Path: Assets/Animations/QuestionPanel.controller - Importer: ScriptedImporter/UnityEditor.QuickSearchModule:UnityEditor.Search:ASIAI0B
Importing 'GUID: 112307279142e4dc3938807d6544a293 - Path: Assets/Animations/QuestionPanel.controller - Importer: ScriptedImporter/UnityEditor.QuickSearchModule:UnityEditor.Search:ASIAI0B' with importer (ScriptedImporter : UnityEditor.QuickSearchModule:UnityEditor.Search:ASIAI0B)
Imported 'GUID: 112307279142e4dc3938807d6544a293' -> (Import Result ID: 'b3574de078fac9aa2b708252d8cb5496') in 0.002 seconds [static and dynamic dependencies]. Details - ImportResultOutputID=d80c94d55ab456b0c0d0ede4cd70773d DependenciesID=2154b15c4071bf058a46d1971dad6cef StaticDependenciesID=a519b61b37ee950431ebe61006f9d623 
Number of updated asset objects reloaded before import = 0
Number of asset objects unloaded after import = 4
========================================================================
Received Import Request.
  Time of request: 2026-09-15T10:42:34.690181Z
  Time since last request: 0.004719041 seconds.
  importAddress: GUID: 49c55b21c261f42b78e7ec6c81bcce72 - Path: Assets/Scenes/ModifyQuestions.unity - Importer: ScriptedImporter/UnityEditor.QuickSearchModule:UnityEditor.Search:ASIAI0B
Importing 'GUID: 49c55b21c261f42b78e7ec6c81bcce72 - Path: Assets/Scenes/ModifyQuestions.unity - Importer: ScriptedImporter/UnityEditor.QuickSearchModule:UnityEditor.Search:ASIAI0B' with importer (ScriptedImporter : UnityEditor.QuickSearchModule:UnityEditor.Search:ASIAI0B)
Imported 'GUID: 49c55b21c261f42b78e7ec6c81bcce72' -> (Import Result ID: 'c4644f8dfb97bf8a15b92bfdaecbd129') in 0.003 seconds [static and dynamic dependencies]. Details - ImportResultOutputID=acded6e97df184d6795906616643cf97 DependenciesID=81b00fbd8e2e0cb6e6348a2a8d213631 StaticDependenciesID=dc9cd4eaad067e2d88b824a5b66ad96b 
Number of updated asset objects reloaded before import = 0
Number of asset objects unloaded after import = 1
