Unity Editor version:    6000.7.0a4 (7305b6f6fd4f)
Branch:                  trunk
Build type:              Release
Batch mode:              YES
macOS version:           Version 26.6.2 (Build 25G83)
Darwin version:          25.6.0
Architecture:            arm64
Running under Rosetta:   NO
Available memory:        24576 MB
Date:                    2026-09-12T08:16:22Z
[Licensing::Module] Trying to connect to existing licensing client channel...
[Licensing::IpcConnector] Successfully connected to: "LicenseClient-isaac" at "2026-09-12T08:16:22.508591Z"

COMMAND LINE ARGUMENTS:
/Applications/Unity/Hub/Editor/6000.7.0a4/Unity.app/Contents/MacOS/Unity
-adb2
-batchMode
-noUpm
-name
AssetImportWorkerHW0
-projectPath
/Users/isaac/UnityProjects/GameShowNight
-logFile
Logs/AssetImportWorkerHW0.log
-srvPort
60619
-parentPid
73107
-analyticsCloudUserId
anonymous
-analyticsCloudProjectId
b1e31746-d8d5-4dd1-b346-428c91bb6578
-analyticsLocalProjectId
75f491c75dd4c41e396be7c93ec774c2
-editorAnalyticsEnabled
1
-cbmEditorLicense
17059086e2ac44c10794214ba76d817d2ce8a8b4
-cbmMachineId
n0ZB1j3Yn3w+LjWDGhORqNjzsyg=
-licensingIpc
LicenseClient-isaac
-noDiagnosticSwitchPersistentStore
-job-worker-count
4
-background-job-worker-count
8
-asset-garbage-collectors
1
-force-metal
-name AssetImport
Successfully changed project path to: /Users/isaac/UnityProjects/GameShowNight
/Users/isaac/UnityProjects/GameShowNight
[UnityMemory] Configuration Parameters - Can be set up in boot.config
    "memorysetup-temp-allocator-size-gi-baking-worker=262144"
    "memorysetup-temp-allocator-size-gi-baking-worker=262144"
    "memorysetup-temp-allocator-size-gi-baking-worker=262144"
    "memorysetup-temp-allocator-size-gi-baking-worker=262144"
    "memorysetup-temp-allocator-size-gi-baking-worker=262144"
    "memorysetup-temp-allocator-size-nav-mesh-worker=65536"
    "memorysetup-temp-allocator-size-audio-worker=65536"
    "memorysetup-temp-allocator-size-cloud-worker=32768"
    "memorysetup-entities-archetype-allocator-budget=16777216"
    "memorysetup-entities-query-allocator-budget=16777216"
    "memorysetup-temp-allocator-size-preload-manager=33554432"
    "memorysetup-temp-allocator-size-gfx=262144"
    "memorysetup-allocator-temp-initial-block-size-main=262144"
    "memorysetup-allocator-temp-initial-block-size-worker=262144"
    "memorysetup-temp-allocator-size-background-worker=32768"
    "memorysetup-temp-allocator-size-job-worker=262144"
    "memorysetup-bucket-allocator-granularity=16"
    "memorysetup-bucket-allocator-bucket-count=8"
    "memorysetup-bucket-allocator-block-size=33554432"
    "memorysetup-bucket-allocator-block-count=8"
    "memorysetup-main-allocator-block-size=16777216"
    "memorysetup-thread-allocator-block-size=16777216"
    "memorysetup-main-allocator-mimalloc-enabled=1"
    "memorysetup-gfx-main-allocator-block-size=16777216"
    "memorysetup-gfx-thread-allocator-block-size=16777216"
    "memorysetup-cache-allocator-block-size=4194304"
    "memorysetup-typetree-allocator-block-size=2097152"
    "memorysetup-profiler-bucket-allocator-granularity=16"
    "memorysetup-profiler-bucket-allocator-bucket-count=8"
    "memorysetup-profiler-bucket-allocator-block-size=33554432"
    "memorysetup-profiler-bucket-allocator-block-count=8"
    "memorysetup-profiler-allocator-block-size=16777216"
    "memorysetup-profiler-editor-allocator-block-size=1048576"
    "memorysetup-temp-allocator-size-main=16777216"
    "memorysetup-job-temp-allocator-block-size=2097152"
    "memorysetup-job-temp-allocator-block-size-background=1048576"
    "memorysetup-job-temp-allocator-reduction-small-platforms=262144"
Player connection [8510382464]  Target information:

Player connection [8510382464]  * "[IP] 192.168.1.103 [Port] 0 [Flags] 2 [Guid] 3309802366 [EditorId] 3309802366 [Version] 1048832 [Id] OSXEditor(0,Isaacs-MBP) [Debug] 1 [PackageName] OSXEditor [ProjectName] Editor" 

Player connection [8510382464] Host joined multi-casting on [225.0.0.222:54997]...
Player connection [8510382464] Host joined alternative multi-casting on [225.0.0.222:34997]...
JobSystem: Creating JobQueue using job-worker-count value 4
Input System module state changed to: Initialized.
[Physics::Module] Initialized fallback backend.
[Physics::Module] Id: 0xdecafbad
Initialising UDS system complete:
  - System type: Client
  - Resource namespace: a4ba067286aa2b64235acc8470e6a680
  - Shared memory size: 1073741824
  - Command buffer id: 1052672
  - Command buffer size: 8192
  - Hashmap size: 4194304
  - Service connected: true
  - Service working directory: Library/DataStore/
Library Redirect Path: Library/
[Physics::Module] Selected backend.
[Physics::Module] Name: PhysX
[Physics::Module] Id: 0xf2b8ea05
[Physics::Module] SDK Version: 4.1.2
[Physics::Module] Integration Version: 1.0.0
[Physics::Module] Threading Mode: Multi-Threaded
Initialize engine version: 6000.7.0a4 (7305b6f6fd4f)
[EntityIdStore] init: VM path (explicit commit), pageSize=16384, blockCount=262144, entitiesPerBlock=1024, slots reserved=4294967296 bytes
[Subsystems] Discovering subsystems at path /Applications/Unity/Hub/Editor/6000.7.0a4/Unity.app/Contents/Resources/UnitySubsystems
[Subsystems] Discovering subsystems at path /Users/isaac/UnityProjects/GameShowNight/Assets
Forcing GfxDevice: Metal
GfxDevice: creating device client; kGfxThreadingModeNonThreaded
 preferred device: Apple M5 (high power)
Metal devices available: 1
0: Apple M5 (high power)
Using device Apple M5 (high power)
Initializing Metal device caps: Apple M5
Mac GPU Family: 2
Apple GPU Family: 9
MSL Version: 3.0
Has Float MSAA: 1
Has Float Filtering: 1
ReadWrite Texture Tier: 2
Initialize mono
Mono path[0] = '/Applications/Unity/Hub/Editor/6000.7.0a4/Unity.app/Contents/Resources/Scripting/Managed'
Mono path[1] = '/Applications/Unity/Hub/Editor/6000.7.0a4/Unity.app/Contents/Resources/Scripting/BCLExtensions/runtime/netstandard2.1'
Mono path[2] = '/Applications/Unity/Hub/Editor/6000.7.0a4/Unity.app/Contents/Resources/Scripting/MonoBleedingEdge/lib/mono/unityjit-macos'
Mono config path = '/Applications/Unity/Hub/Editor/6000.7.0a4/Unity.app/Contents/Resources/Scripting/MonoBleedingEdge/etc'
Using monoOptions --debugger-agent=transport=dt_socket,embedding=1,server=y,suspend=n,address=127.0.0.1:56186
CodeReloadManager initialized
[Licensing::Client] Error: HandshakeResponse reported an error:
	ResponseCode: 505
	ResponseStatus: Unsupported protocol version '1.19.0-rc.1'.
[Licensing::Module] Error: Failed to handshake to channel: "LicenseClient-isaac"
[Licensing::IpcConnector] LicenseClient-isaac channel disconnected successfully.
[Licensing::IpcConnector] Successfully connected to: "LicenseClient-isaac-6000.7.0" at "2026-09-12T08:16:22.790516Z"
Begin MonoManager ReloadAssembly
Registering precompiled unity dll's ...
Register platform support module: /Applications/Unity/Hub/Editor/6000.7.0a4/PlaybackEngines/MacStandaloneSupport/UnityEditor.OSXStandalone.Extensions.dll
Registered in 0.000267 seconds.
[Licensing::Client] Handshaking with LicensingClient:
  Version:                 1.19.0-rc.1+a1d64c6
  Session Id:              3b8c3418e81640e789ea7911fa7dcd42
  Correlation Id:          152ffa40246a11295ed1e1ef55020fba
  External correlation Id: 6021907407824818229
  Machine Id:              n0ZB1j3Yn3w+LjWDGhORqNjzsyg=
[Licensing::Module] Successfully connected to LicensingClient on channel: "LicenseClient-isaac-6000.7.0" (connect: 0.00s, validation: 0.00s, handshake: 0.08s)
[Licensing::IpcConnector] Successfully connected to: "LicenseClient-isaac-6000.7.0-notifications" at "2026-09-12T08:16:22.875757Z"
[Licensing::Module] Licensing Background thread has ended after 0.37s
[MODES] ModeService[none].Initialize
[MODES] ModeService[none].LoadModes
[MODES] Loading mode Default (0) for mode-current-id-GameShowNight
Package Manager log level set to [2]
[Package Manager] Failed to launch server process. Reason: Unity was launched with the -noUpm command-line argument
[Package Manager] Unable to send message (not connected to server process).
[Package Manager] Cannot connect to Unity Package Manager local server
Native extension for OSXStandalone target not found
ScheduleIndexationOnStartup MainProcess:False IndexOnStartup:True
Scripting: successfully reloaded assembly
- Finished resetting the current domain, in  0.253 seconds
Domain Reload Profiling: 488ms
	BeginReloadAssembly (44ms)
	RebuildCommonClasses (3ms)
	RebuildNativeTypeToScriptingClass (8ms)
	initialDomainReloadingComplete (26ms)
	LoadAllAssembliesAndSetupDomain (153ms)
		LoadAssemblies (44ms)
		TypeCache.Refresh (105ms)
			TypeCache.ScanAssembly (96ms)
		AnalyzeDomain (0ms)
	FinalizeReload (253ms)
		SetupLoadedEditorAssemblies (0ms)
			BeforeProcessingInitializeOnLoad (60ms)
			ProcessInitializeOnLoadAttributes (31ms)
			ProcessInitializeOnLoadMethodAttributes (100ms)
Initializing Unity extensions:
[Licensing::Client] Successfully resolved entitlement details
[Licensing::Module] License group:
  Id: 5774109399153-UnityPersXXXX
  Product: Unity Personal
  Type: Assigned
  Expiration: Unlimited
[CoreBusinessMetrics] Unexpected thread when updating session info.
[CoreBusinessMetrics] Unexpected thread when updating session info.
========================================================================
Worker process is ready to serve import requests
Import Worker Mode flag is 0x00
Begin MonoManager ReloadAssembly
ADB: OOP importers: 'AudioImporter' is OOP-eligible (per-importer)
ADB: OOP importers: 'FBXImporter' is OOP-eligible (per-importer)
ADB: OOP importers: 'Mesh3DSImporter' is OOP-eligible (per-importer)
ADB: OOP importers: 'TextureImporter' is OOP-eligible (per-importer)
ADB: OOP importers: 'VideoClipImporter' is OOP-eligible (per-importer)
ADB: OOP importers: queue -1003 composition: TextureImporter, TextureImporter, TextureImporter, TextureImporter, TextureImporter, TextureImporter, TextureImporter, TextureImporter, TextureImporter, TextureImporter, TextureImporter, TextureImporter, TextureImporter, TextureImporter, TextureImporter (only the named importers above run OOP; the rest stay in-process)
ADB: OOP importers: queue 100 composition: Mesh3DSImporter, FBXImporter, FBXImporter, FBXImporter, FBXImporter, FBXImporter, FBXImporter, FBXImporter, FBXImporter, FBXImporter, FBXImporter (only the named importers above run OOP; the rest stay in-process)
ADB: OOP importers: queue 1100 composition: AudioImporter, AudioImporter, AudioImporter, AudioImporter, AudioImporter, AudioImporter, AudioImporter, AudioImporter, AudioImporter, AudioImporter (only the named importers above run OOP; the rest stay in-process)
ADB: OOP importers: queue 1700 composition: VideoClipImporter, VideoClipImporter, VideoClipImporter, VideoClipImporter, VideoClipImporter, VideoClipImporter, VideoClipImporter, VideoClipImporter, VideoClipImporter, VideoClipImporter (only the named importers above run OOP; the rest stay in-process)
'Packages/com.unity.render-pipelines.core/Editor/Deprecated.cs' contains partial class of Unity.Object, exactly 1 of the partial classes needs to be in a file with the same filename. This is to know the one that can be referenced from ie. GameObjects
'Packages/com.unity.render-pipelines.core/Editor/Deprecated.cs' contains partial class of Unity.Object, exactly 1 of the partial classes needs to be in a file with the same filename. This is to know the one that can be referenced from ie. GameObjects
Refreshing native plugins compatible for Editor in 6.68 ms, found 3 plugins.
[MODES] ModeService[none].Initialize
[MODES] ModeService[none].LoadModes
[Package Manager] Failed to launch server process. Reason: Unity was launched with the -noUpm command-line argument
[Package Manager] Unable to send message (not connected to server process).
[Package Manager] Cannot connect to Unity Package Manager local server
Native extension for OSXStandalone target not found
[Package Manager] Failed to launch server process. Reason: Unity was launched with the -noUpm command-line argument
[Package Manager] Unable to send message (not connected to server process).
[Package Manager] Cannot connect to Unity Package Manager local server
ScheduleIndexationOnStartup MainProcess:False IndexOnStartup:True
Scripting: successfully reloaded assembly
- Finished resetting the current domain, in  0.368 seconds
Domain Reload Profiling: 784ms
	BeginReloadAssembly (83ms)
		DisableScriptedObjects (3ms)
		CreateAndSetChildDomain (12ms)
	RebuildCommonClasses (4ms)
	RebuildNativeTypeToScriptingClass (8ms)
	initialDomainReloadingComplete (25ms)
	LoadAllAssembliesAndSetupDomain (296ms)
		LoadAssemblies (130ms)
		TypeCache.Refresh (91ms)
			TypeCache.ScanAssembly (81ms)
		AnalyzeDomain (37ms)
			BuildScriptInfoCaches (34ms)
	FinalizeReload (368ms)
		SetupLoadedEditorAssemblies (0ms)
			BeforeProcessingInitializeOnLoad (51ms)
			ProcessInitializeOnLoadAttributes (131ms)
			ProcessInitializeOnLoadMethodAttributes (67ms)
		AwakeInstancesAfterBackupRestoration (3ms)
AcceleratorClientConnectionCallback - disconnected - :0
Launching external process: /Applications/Unity/Hub/Editor/6000.7.0a4/Unity.app/Contents/Helpers/UnityShaderCompiler
WARNING: Shader Unsupported: 'Universal Render Pipeline/VR/SpatialMapping/Wireframe' - All subshaders removed
WARNING: Shader Did you use #pragma only_renderers and omit this platform?
WARNING: Shader If subshaders removal was intentional, you may have forgotten turning Fallback off?
Shader Hidden/ChartRasterizerHardware is not supported: GPU does not support conservative rasterization
Shader Hidden/ChartRasterizerHardware is not supported: GPU does not support conservative rasterization
Launched and connected shader compiler UnityShaderCompiler after 0.01 seconds
Refreshing native plugins compatible for Editor in 2.08 ms, found 3 plugins.
Unloading 33 Unused Serialized files (Serialized files now loaded: 0)
Unloading 7244 unused Assets / (5.7 MB). Loaded Objects now: 8239.
Memory consumption went from 494.5 MB to 488.8 MB.
Total: 4.902459 ms (FindLiveObjects: 0.415916 ms CreateObjectMapping: 0.115625 ms MarkObjects: 3.562459 ms  DeleteObjects: 0.734791 ms)

========================================================================
Received Prepare
AcceleratorClientConnectionCallback - disconnected - :0
Thread 0x17fddf000 may have been prematurely finalized
Begin MonoManager ReloadAssembly
'Packages/com.unity.render-pipelines.core/Editor/Deprecated.cs' contains partial class of Unity.Object, exactly 1 of the partial classes needs to be in a file with the same filename. This is to know the one that can be referenced from ie. GameObjects
'Packages/com.unity.render-pipelines.core/Editor/Deprecated.cs' contains partial class of Unity.Object, exactly 1 of the partial classes needs to be in a file with the same filename. This is to know the one that can be referenced from ie. GameObjects
[MODES] ModeService[none].Initialize
[MODES] ModeService[none].LoadModes
[Package Manager] Failed to launch server process. Reason: Unity was launched with the -noUpm command-line argument
[Package Manager] Unable to send message (not connected to server process).
[Package Manager] Cannot connect to Unity Package Manager local server
Native extension for OSXStandalone target not found
[Package Manager] Failed to launch server process. Reason: Unity was launched with the -noUpm command-line argument
[Package Manager] Unable to send message (not connected to server process).
[Package Manager] Cannot connect to Unity Package Manager local server
ScheduleIndexationOnStartup MainProcess:False IndexOnStartup:True
Scripting: successfully reloaded assembly
- Finished resetting the current domain, in  0.329 seconds
Domain Reload Profiling: 627ms
	BeginReloadAssembly (93ms)
		DisableScriptedObjects (6ms)
		CreateAndSetChildDomain (18ms)
	RebuildCommonClasses (4ms)
	RebuildNativeTypeToScriptingClass (7ms)
	initialDomainReloadingComplete (22ms)
	LoadAllAssembliesAndSetupDomain (171ms)
		LoadAssemblies (125ms)
		TypeCache.Refresh (6ms)
		AnalyzeDomain (3ms)
	FinalizeReload (329ms)
		SetupLoadedEditorAssemblies (0ms)
			BeforeProcessingInitializeOnLoad (50ms)
			ProcessInitializeOnLoadAttributes (115ms)
			ProcessInitializeOnLoadMethodAttributes (31ms)
		AwakeInstancesAfterBackupRestoration (8ms)
WARNING: Shader Unsupported: 'Universal Render Pipeline/VR/SpatialMapping/Wireframe' - All subshaders removed
WARNING: Shader Did you use #pragma only_renderers and omit this platform?
WARNING: Shader If subshaders removal was intentional, you may have forgotten turning Fallback off?
Shader Hidden/ChartRasterizerHardware is not supported: GPU does not support conservative rasterization
Unloading 33 Unused Serialized files (Serialized files now loaded: 0)
Unloading 7242 unused Assets / (6.8 MB). Loaded Objects now: 8243.
Memory consumption went from 503.0 MB to 496.2 MB.
Total: 4.764292 ms (FindLiveObjects: 0.373334 ms CreateObjectMapping: 0.119791 ms MarkObjects: 3.524792 ms  DeleteObjects: 0.683250 ms)

Prepare: number of updated asset objects reloaded= 0
========================================================================
Received Prepare
AcceleratorClientConnectionCallback - disconnected - :0
WARNING: Shader Unsupported: 'Universal Render Pipeline/VR/SpatialMapping/Wireframe' - All subshaders removed
WARNING: Shader Did you use #pragma only_renderers and omit this platform?
WARNING: Shader If subshaders removal was intentional, you may have forgotten turning Fallback off?
Shader Hidden/ChartRasterizerHardware is not supported: GPU does not support conservative rasterization
Refreshing native plugins compatible for Editor in 3.20 ms, found 3 plugins.
Unloading 33 Unused Serialized files (Serialized files now loaded: 0)
Unloading 33 unused Assets / (3.4 MB). Loaded Objects now: 8243.
Memory consumption went from 481.6 MB to 478.3 MB.
Total: 8.839708 ms (FindLiveObjects: 0.490000 ms CreateObjectMapping: 0.117458 ms MarkObjects: 7.821417 ms  DeleteObjects: 0.308917 ms)

Prepare: number of updated asset objects reloaded= 0
========================================================================
Received Prepare
AcceleratorClientConnectionCallback - disconnected - :0
WARNING: Shader Unsupported: 'Universal Render Pipeline/VR/SpatialMapping/Wireframe' - All subshaders removed
WARNING: Shader Did you use #pragma only_renderers and omit this platform?
WARNING: Shader If subshaders removal was intentional, you may have forgotten turning Fallback off?
Shader Hidden/ChartRasterizerHardware is not supported: GPU does not support conservative rasterization
Refreshing native plugins compatible for Editor in 3.65 ms, found 3 plugins.
Unloading 33 Unused Serialized files (Serialized files now loaded: 0)
Unloading 33 unused Assets / (3.4 MB). Loaded Objects now: 8243.
Memory consumption went from 478.7 MB to 475.3 MB.
Total: 16.789500 ms (FindLiveObjects: 0.679833 ms CreateObjectMapping: 0.142875 ms MarkObjects: 11.074792 ms  DeleteObjects: 0.255208 ms)

Prepare: number of updated asset objects reloaded= 0
========================================================================
Received Prepare
AcceleratorClientConnectionCallback - disconnected - :0
'Packages/com.unity.render-pipelines.core/Editor/Deprecated.cs' contains partial class of Unity.Object, exactly 1 of the partial classes needs to be in a file with the same filename. This is to know the one that can be referenced from ie. GameObjects
'Packages/com.unity.render-pipelines.core/Editor/Deprecated.cs' contains partial class of Unity.Object, exactly 1 of the partial classes needs to be in a file with the same filename. This is to know the one that can be referenced from ie. GameObjects
WARNING: Shader Unsupported: 'Universal Render Pipeline/VR/SpatialMapping/Wireframe' - All subshaders removed
WARNING: Shader Did you use #pragma only_renderers and omit this platform?
WARNING: Shader If subshaders removal was intentional, you may have forgotten turning Fallback off?
Shader Hidden/ChartRasterizerHardware is not supported: GPU does not support conservative rasterization
Unloading 33 Unused Serialized files (Serialized files now loaded: 0)
Unloading 7228 unused Assets / (6.5 MB). Loaded Objects now: 8244.
Memory consumption went from 479.6 MB to 473.1 MB.
Total: 27.252417 ms (FindLiveObjects: 1.215834 ms CreateObjectMapping: 0.237208 ms MarkObjects: 22.534500 ms  DeleteObjects: 3.102625 ms)

Prepare: number of updated asset objects reloaded= 0
========================================================================
Received Prepare
AcceleratorClientConnectionCallback - disconnected - :0
Thread 0x42e2c7000 may have been prematurely finalized
[Licensing::Client] Successfully resolved entitlement details
Begin MonoManager ReloadAssembly
'Packages/com.unity.render-pipelines.core/Editor/Deprecated.cs' contains partial class of Unity.Object, exactly 1 of the partial classes needs to be in a file with the same filename. This is to know the one that can be referenced from ie. GameObjects
'Packages/com.unity.render-pipelines.core/Editor/Deprecated.cs' contains partial class of Unity.Object, exactly 1 of the partial classes needs to be in a file with the same filename. This is to know the one that can be referenced from ie. GameObjects
[MODES] ModeService[none].Initialize
[MODES] ModeService[none].LoadModes
[Package Manager] Failed to launch server process. Reason: Unity was launched with the -noUpm command-line argument
[Package Manager] Unable to send message (not connected to server process).
[Package Manager] Cannot connect to Unity Package Manager local server
Native extension for OSXStandalone target not found
[Package Manager] Failed to launch server process. Reason: Unity was launched with the -noUpm command-line argument
[Package Manager] Unable to send message (not connected to server process).
[Package Manager] Cannot connect to Unity Package Manager local server
ScheduleIndexationOnStartup MainProcess:False IndexOnStartup:True
Scripting: successfully reloaded assembly
- Finished resetting the current domain, in  0.299 seconds
Domain Reload Profiling: 718ms
	BeginReloadAssembly (110ms)
		DisableScriptedObjects (9ms)
		CreateAndSetChildDomain (22ms)
	RebuildCommonClasses (4ms)
	RebuildNativeTypeToScriptingClass (8ms)
	initialDomainReloadingComplete (25ms)
	LoadAllAssembliesAndSetupDomain (273ms)
		LoadAssemblies (141ms)
		TypeCache.Refresh (11ms)
		AnalyzeDomain (84ms)
			BuildScriptInfoCaches (81ms)
	FinalizeReload (299ms)
		SetupLoadedEditorAssemblies (0ms)
			BeforeProcessingInitializeOnLoad (46ms)
			ProcessInitializeOnLoadAttributes (108ms)
			ProcessInitializeOnLoadMethodAttributes (28ms)
		AwakeInstancesAfterBackupRestoration (8ms)
WARNING: Shader Unsupported: 'Universal Render Pipeline/VR/SpatialMapping/Wireframe' - All subshaders removed
WARNING: Shader Did you use #pragma only_renderers and omit this platform?
WARNING: Shader If subshaders removal was intentional, you may have forgotten turning Fallback off?
Shader Hidden/ChartRasterizerHardware is not supported: GPU does not support conservative rasterization
Unloading 33 Unused Serialized files (Serialized files now loaded: 0)
Unloading 7243 unused Assets / (6.7 MB). Loaded Objects now: 8247.
Memory consumption went from 491.8 MB to 485.1 MB.
Total: 4.316708 ms (FindLiveObjects: 0.334667 ms CreateObjectMapping: 0.112000 ms MarkObjects: 3.181000 ms  DeleteObjects: 0.620667 ms)

Prepare: number of updated asset objects reloaded= 0
========================================================================
Received Prepare
AcceleratorClientConnectionCallback - disconnected - :0
'Packages/com.unity.render-pipelines.core/Editor/Deprecated.cs' contains partial class of Unity.Object, exactly 1 of the partial classes needs to be in a file with the same filename. This is to know the one that can be referenced from ie. GameObjects
'Packages/com.unity.render-pipelines.core/Editor/Deprecated.cs' contains partial class of Unity.Object, exactly 1 of the partial classes needs to be in a file with the same filename. This is to know the one that can be referenced from ie. GameObjects
WARNING: Shader Unsupported: 'Universal Render Pipeline/VR/SpatialMapping/Wireframe' - All subshaders removed
WARNING: Shader Did you use #pragma only_renderers and omit this platform?
WARNING: Shader If subshaders removal was intentional, you may have forgotten turning Fallback off?
Shader Hidden/ChartRasterizerHardware is not supported: GPU does not support conservative rasterization
Unloading 33 Unused Serialized files (Serialized files now loaded: 0)
Unloading 7228 unused Assets / (6.8 MB). Loaded Objects now: 8247.
Memory consumption went from 474.8 MB to 468.0 MB.
Total: 9.551875 ms (FindLiveObjects: 0.482708 ms CreateObjectMapping: 0.167667 ms MarkObjects: 7.881250 ms  DeleteObjects: 0.937500 ms)

Prepare: number of updated asset objects reloaded= 0
========================================================================
Received Prepare
AcceleratorClientConnectionCallback - disconnected - :0
'Packages/com.unity.render-pipelines.core/Editor/Deprecated.cs' contains partial class of Unity.Object, exactly 1 of the partial classes needs to be in a file with the same filename. This is to know the one that can be referenced from ie. GameObjects
'Packages/com.unity.render-pipelines.core/Editor/Deprecated.cs' contains partial class of Unity.Object, exactly 1 of the partial classes needs to be in a file with the same filename. This is to know the one that can be referenced from ie. GameObjects
WARNING: Shader Unsupported: 'Universal Render Pipeline/VR/SpatialMapping/Wireframe' - All subshaders removed
WARNING: Shader Did you use #pragma only_renderers and omit this platform?
WARNING: Shader If subshaders removal was intentional, you may have forgotten turning Fallback off?
Shader Hidden/ChartRasterizerHardware is not supported: GPU does not support conservative rasterization
Unloading 33 Unused Serialized files (Serialized files now loaded: 0)
Unloading 7228 unused Assets / (7.0 MB). Loaded Objects now: 8247.
Memory consumption went from 471.8 MB to 464.9 MB.
Total: 6.178833 ms (FindLiveObjects: 0.476791 ms CreateObjectMapping: 0.151833 ms MarkObjects: 4.631792 ms  DeleteObjects: 0.847500 ms)

Prepare: number of updated asset objects reloaded= 0
========================================================================
Received Prepare
AcceleratorClientConnectionCallback - disconnected - :0
Thread 0x16baa7000 may have been prematurely finalized
[Licensing::Client] Successfully resolved entitlement details
Begin MonoManager ReloadAssembly
'Packages/com.unity.render-pipelines.core/Editor/Deprecated.cs' contains partial class of Unity.Object, exactly 1 of the partial classes needs to be in a file with the same filename. This is to know the one that can be referenced from ie. GameObjects
'Packages/com.unity.render-pipelines.core/Editor/Deprecated.cs' contains partial class of Unity.Object, exactly 1 of the partial classes needs to be in a file with the same filename. This is to know the one that can be referenced from ie. GameObjects
[MODES] ModeService[none].Initialize
[MODES] ModeService[none].LoadModes
[Package Manager] Failed to launch server process. Reason: Unity was launched with the -noUpm command-line argument
[Package Manager] Unable to send message (not connected to server process).
[Package Manager] Cannot connect to Unity Package Manager local server
Native extension for OSXStandalone target not found
[Package Manager] Failed to launch server process. Reason: Unity was launched with the -noUpm command-line argument
[Package Manager] Unable to send message (not connected to server process).
[Package Manager] Cannot connect to Unity Package Manager local server
ScheduleIndexationOnStartup MainProcess:False IndexOnStartup:True
Scripting: successfully reloaded assembly
- Finished resetting the current domain, in  0.336 seconds
Domain Reload Profiling: 780ms
	BeginReloadAssembly (117ms)
		DisableScriptedObjects (9ms)
		CreateAndSetChildDomain (23ms)
	RebuildCommonClasses (4ms)
	RebuildNativeTypeToScriptingClass (7ms)
	initialDomainReloadingComplete (23ms)
	LoadAllAssembliesAndSetupDomain (293ms)
		LoadAssemblies (150ms)
		TypeCache.Refresh (9ms)
		AnalyzeDomain (98ms)
			BuildScriptInfoCaches (93ms)
	FinalizeReload (336ms)
		SetupLoadedEditorAssemblies (0ms)
			LogAssemblyErrors (4ms)
			BeforeProcessingInitializeOnLoad (53ms)
			ProcessInitializeOnLoadAttributes (119ms)
			ProcessInitializeOnLoadMethodAttributes (30ms)
		AwakeInstancesAfterBackupRestoration (8ms)
WARNING: Shader Unsupported: 'Universal Render Pipeline/VR/SpatialMapping/Wireframe' - All subshaders removed
WARNING: Shader Did you use #pragma only_renderers and omit this platform?
WARNING: Shader If subshaders removal was intentional, you may have forgotten turning Fallback off?
Shader Hidden/ChartRasterizerHardware is not supported: GPU does not support conservative rasterization
Unloading 33 Unused Serialized files (Serialized files now loaded: 0)
Unloading 7243 unused Assets / (6.4 MB). Loaded Objects now: 8250.
Memory consumption went from 480.7 MB to 474.3 MB.
Total: 5.032000 ms (FindLiveObjects: 0.425833 ms CreateObjectMapping: 0.145792 ms MarkObjects: 3.709791 ms  DeleteObjects: 0.672625 ms)

Prepare: number of updated asset objects reloaded= 0
========================================================================
Received Prepare
AcceleratorClientConnectionCallback - disconnected - :0
WARNING: Shader Unsupported: 'Universal Render Pipeline/VR/SpatialMapping/Wireframe' - All subshaders removed
WARNING: Shader Did you use #pragma only_renderers and omit this platform?
WARNING: Shader If subshaders removal was intentional, you may have forgotten turning Fallback off?
Shader Hidden/ChartRasterizerHardware is not supported: GPU does not support conservative rasterization
Refreshing native plugins compatible for Editor in 3.43 ms, found 3 plugins.
Unloading 33 Unused Serialized files (Serialized files now loaded: 0)
Unloading 33 unused Assets / (3.4 MB). Loaded Objects now: 8250.
Memory consumption went from 459.6 MB to 456.2 MB.
Total: 9.380625 ms (FindLiveObjects: 0.415542 ms CreateObjectMapping: 0.105125 ms MarkObjects: 8.240584 ms  DeleteObjects: 0.507583 ms)

Prepare: number of updated asset objects reloaded= 0
========================================================================
Received Prepare
AcceleratorClientConnectionCallback - disconnected - :0
'Packages/com.unity.render-pipelines.core/Editor/Deprecated.cs' contains partial class of Unity.Object, exactly 1 of the partial classes needs to be in a file with the same filename. This is to know the one that can be referenced from ie. GameObjects
'Packages/com.unity.render-pipelines.core/Editor/Deprecated.cs' contains partial class of Unity.Object, exactly 1 of the partial classes needs to be in a file with the same filename. This is to know the one that can be referenced from ie. GameObjects
WARNING: Shader Unsupported: 'Universal Render Pipeline/VR/SpatialMapping/Wireframe' - All subshaders removed
WARNING: Shader Did you use #pragma only_renderers and omit this platform?
WARNING: Shader If subshaders removal was intentional, you may have forgotten turning Fallback off?
Shader Hidden/ChartRasterizerHardware is not supported: GPU does not support conservative rasterization
Unloading 33 Unused Serialized files (Serialized files now loaded: 0)
Unloading 7229 unused Assets / (7.2 MB). Loaded Objects now: 8251.
Memory consumption went from 460.6 MB to 453.5 MB.
Total: 8.767875 ms (FindLiveObjects: 0.672917 ms CreateObjectMapping: 0.134000 ms MarkObjects: 6.737917 ms  DeleteObjects: 1.128750 ms)

Prepare: number of updated asset objects reloaded= 0
========================================================================
Received Prepare
AcceleratorClientConnectionCallback - disconnected - :0
Thread 0x16baa7000 may have been prematurely finalized
[Licensing::Client] Successfully resolved entitlement details
Begin MonoManager ReloadAssembly
'Packages/com.unity.render-pipelines.core/Editor/Deprecated.cs' contains partial class of Unity.Object, exactly 1 of the partial classes needs to be in a file with the same filename. This is to know the one that can be referenced from ie. GameObjects
'Packages/com.unity.render-pipelines.core/Editor/Deprecated.cs' contains partial class of Unity.Object, exactly 1 of the partial classes needs to be in a file with the same filename. This is to know the one that can be referenced from ie. GameObjects
[MODES] ModeService[none].Initialize
[MODES] ModeService[none].LoadModes
[Package Manager] Failed to launch server process. Reason: Unity was launched with the -noUpm command-line argument
[Package Manager] Unable to send message (not connected to server process).
[Package Manager] Cannot connect to Unity Package Manager local server
Native extension for OSXStandalone target not found
[Package Manager] Failed to launch server process. Reason: Unity was launched with the -noUpm command-line argument
[Package Manager] Unable to send message (not connected to server process).
[Package Manager] Cannot connect to Unity Package Manager local server
ScheduleIndexationOnStartup MainProcess:False IndexOnStartup:True
Scripting: successfully reloaded assembly
- Finished resetting the current domain, in  0.291 seconds
Domain Reload Profiling: 742ms
	BeginReloadAssembly (120ms)
		DisableScriptedObjects (8ms)
		CreateAndSetChildDomain (21ms)
	RebuildCommonClasses (4ms)
	RebuildNativeTypeToScriptingClass (7ms)
	initialDomainReloadingComplete (28ms)
	LoadAllAssembliesAndSetupDomain (293ms)
		LoadAssemblies (155ms)
		TypeCache.Refresh (18ms)
		AnalyzeDomain (92ms)
			BuildScriptInfoCaches (89ms)
	FinalizeReload (291ms)
		SetupLoadedEditorAssemblies (0ms)
			BeforeProcessingInitializeOnLoad (45ms)
			ProcessInitializeOnLoadAttributes (104ms)
			ProcessInitializeOnLoadMethodAttributes (28ms)
		AwakeInstancesAfterBackupRestoration (7ms)
WARNING: Shader Unsupported: 'Universal Render Pipeline/VR/SpatialMapping/Wireframe' - All subshaders removed
WARNING: Shader Did you use #pragma only_renderers and omit this platform?
WARNING: Shader If subshaders removal was intentional, you may have forgotten turning Fallback off?
Shader Hidden/ChartRasterizerHardware is not supported: GPU does not support conservative rasterization
Unloading 33 Unused Serialized files (Serialized files now loaded: 0)
Unloading 7244 unused Assets / (6.2 MB). Loaded Objects now: 8254.
Memory consumption went from 469.5 MB to 463.3 MB.
Total: 4.343167 ms (FindLiveObjects: 0.330791 ms CreateObjectMapping: 0.108459 ms MarkObjects: 3.168125 ms  DeleteObjects: 0.660292 ms)

Prepare: number of updated asset objects reloaded= 0
========================================================================
Received Prepare
AcceleratorClientConnectionCallback - disconnected - :0
Thread 0x16baa7000 may have been prematurely finalized
[Licensing::Client] Successfully resolved entitlement details
Begin MonoManager ReloadAssembly
'Packages/com.unity.render-pipelines.core/Editor/Deprecated.cs' contains partial class of Unity.Object, exactly 1 of the partial classes needs to be in a file with the same filename. This is to know the one that can be referenced from ie. GameObjects
'Packages/com.unity.render-pipelines.core/Editor/Deprecated.cs' contains partial class of Unity.Object, exactly 1 of the partial classes needs to be in a file with the same filename. This is to know the one that can be referenced from ie. GameObjects
[MODES] ModeService[none].Initialize
[MODES] ModeService[none].LoadModes
[Package Manager] Failed to launch server process. Reason: Unity was launched with the -noUpm command-line argument
[Package Manager] Unable to send message (not connected to server process).
[Package Manager] Cannot connect to Unity Package Manager local server
Native extension for OSXStandalone target not found
[Package Manager] Failed to launch server process. Reason: Unity was launched with the -noUpm command-line argument
[Package Manager] Unable to send message (not connected to server process).
[Package Manager] Cannot connect to Unity Package Manager local server
ScheduleIndexationOnStartup MainProcess:False IndexOnStartup:True
Scripting: successfully reloaded assembly
- Finished resetting the current domain, in  0.341 seconds
Domain Reload Profiling: 863ms
	BeginReloadAssembly (152ms)
		DisableScriptedObjects (15ms)
		CreateAndSetChildDomain (25ms)
	RebuildCommonClasses (4ms)
	RebuildNativeTypeToScriptingClass (7ms)
	initialDomainReloadingComplete (28ms)
	LoadAllAssembliesAndSetupDomain (332ms)
		LoadAssemblies (179ms)
		TypeCache.Refresh (9ms)
		AnalyzeDomain (100ms)
			BuildScriptInfoCaches (79ms)
	FinalizeReload (341ms)
		SetupLoadedEditorAssemblies (0ms)
			BeforeProcessingInitializeOnLoad (51ms)
			ProcessInitializeOnLoadAttributes (118ms)
			ProcessInitializeOnLoadMethodAttributes (31ms)
		AwakeInstancesAfterBackupRestoration (8ms)
WARNING: Shader Unsupported: 'Universal Render Pipeline/VR/SpatialMapping/Wireframe' - All subshaders removed
WARNING: Shader Did you use #pragma only_renderers and omit this platform?
WARNING: Shader If subshaders removal was intentional, you may have forgotten turning Fallback off?
Shader Hidden/ChartRasterizerHardware is not supported: GPU does not support conservative rasterization
Unloading 33 Unused Serialized files (Serialized files now loaded: 0)
Unloading 7244 unused Assets / (6.3 MB). Loaded Objects now: 8257.
Memory consumption went from 464.2 MB to 457.9 MB.
Total: 4.957583 ms (FindLiveObjects: 0.381125 ms CreateObjectMapping: 0.143167 ms MarkObjects: 3.684750 ms  DeleteObjects: 0.676375 ms)

Prepare: number of updated asset objects reloaded= 0
========================================================================
Received Prepare
AcceleratorClientConnectionCallback - disconnected - :0
WARNING: Shader Unsupported: 'Universal Render Pipeline/VR/SpatialMapping/Wireframe' - All subshaders removed
WARNING: Shader Did you use #pragma only_renderers and omit this platform?
WARNING: Shader If subshaders removal was intentional, you may have forgotten turning Fallback off?
Shader Hidden/ChartRasterizerHardware is not supported: GPU does not support conservative rasterization
Unloading 33 Unused Serialized files (Serialized files now loaded: 0)
Unloading 33 unused Assets / (3.4 MB). Loaded Objects now: 8257.
Memory consumption went from 443.0 MB to 439.6 MB.
Total: 5.500583 ms (FindLiveObjects: 0.238000 ms CreateObjectMapping: 0.065834 ms MarkObjects: 4.649416 ms  DeleteObjects: 0.482417 ms)

Prepare: number of updated asset objects reloaded= 0
========================================================================
Received Import Request.
  Time of request: 2026-09-12T19:02:54.320112Z
  Time since last request: 42401.81615004099876 seconds.
  importAddress: GUID: c9b9661c58dae4f09a93dad33ef7e823 - Path: Assets/Inputs - Importer: PreviewImporter
Importing 'GUID: c9b9661c58dae4f09a93dad33ef7e823 - Path: Assets/Inputs - Importer: PreviewImporter' with importer (PreviewImporter)
Imported 'GUID: c9b9661c58dae4f09a93dad33ef7e823' -> (Import Result ID: '83dfadbcc77c84d8c8b5405949235fbb') in 0.003 seconds [static and dynamic dependencies]. Details - ImportResultOutputID=856d792e02f4612fb948ebaaaf713e9b DependenciesID=f0aa6cd9d5f959ac16793e363dec6a7f StaticDependenciesID=854b744d8e2ce54cc9f7fbba6d6f037c 
Number of updated asset objects reloaded before import = 0
Number of asset objects unloaded after import = 0
========================================================================
Received Import Request.
  Time of request: 2026-09-12T19:03:48.926421Z
  Time since last request: 54.589709125 seconds.
  importAddress: GUID: 383242b31e29842809822e20b459a605 - Path: Assets/Scripts/Controllers - Importer: ScriptedImporter/UnityEditor.QuickSearchModule:UnityEditor.Search:ASIAI0B
Importing 'GUID: 383242b31e29842809822e20b459a605 - Path: Assets/Scripts/Controllers - Importer: ScriptedImporter/UnityEditor.QuickSearchModule:UnityEditor.Search:ASIAI0B' with importer (ScriptedImporter : UnityEditor.QuickSearchModule:UnityEditor.Search:ASIAI0B)
Imported 'GUID: 383242b31e29842809822e20b459a605' -> (Import Result ID: '6d4c1f4c1133300845cdfffa44fff6f1') in 0.030 seconds [static and dynamic dependencies]. Details - ImportResultOutputID=50f247a47d65e0f789d188dee0be5987 DependenciesID=21d6318cf79b3f137518e04d265cad48 StaticDependenciesID=1a04ba0339598f4d29a362f8cfa38d2a 
Number of updated asset objects reloaded before import = 0
Number of asset objects unloaded after import = 1
========================================================================
Received Import Request.
  Time of request: 2026-09-12T19:03:48.967588Z
  Time since last request: 0.000823916 seconds.
  importAddress: GUID: b22ff05bcca6c4526826f034d3042297 - Path: Assets/Scripts/JSONReader.cs - Importer: ScriptedImporter/UnityEditor.QuickSearchModule:UnityEditor.Search:ASIAI0B
Importing 'GUID: b22ff05bcca6c4526826f034d3042297 - Path: Assets/Scripts/JSONReader.cs - Importer: ScriptedImporter/UnityEditor.QuickSearchModule:UnityEditor.Search:ASIAI0B' with importer (ScriptedImporter : UnityEditor.QuickSearchModule:UnityEditor.Search:ASIAI0B)
Imported 'GUID: b22ff05bcca6c4526826f034d3042297' -> (Import Result ID: '5e78490345f8c6e67ab4d766f9bc5ba6') in 0.016 seconds [static and dynamic dependencies]. Details - ImportResultOutputID=c4be4c01df75b83556b76f515188f3a8 DependenciesID=23f367cc2b4bbc0e5e8044028ee176c7 StaticDependenciesID=362814f3309ed77d19a703e824b3ee8e 
Number of updated asset objects reloaded before import = 0
Number of asset objects unloaded after import = 0
========================================================================
Received Import Request.
  Time of request: 2026-09-12T19:07:25.747466Z
  Time since last request: 216.75541312499999 seconds.
  importAddress: GUID: 6c1c4637db19f44e08ebf3215f799c72 - Path: Assets/Inputs/InputActions.inputactions - Importer: PreviewImporter
Importing 'GUID: 6c1c4637db19f44e08ebf3215f799c72 - Path: Assets/Inputs/InputActions.inputactions - Importer: PreviewImporter' with importer (PreviewImporter)
Imported 'GUID: 6c1c4637db19f44e08ebf3215f799c72' -> (Import Result ID: '83da48cdcf310879d9dd629dffa1df2b') in 0.019 seconds [static and dynamic dependencies]. Details - ImportResultOutputID=a8566db9371be21ec9f6884fb1ad23b2 DependenciesID=b5b3edbfe52be33ff0a09e2622cc4ff6 StaticDependenciesID=27f615e0caff98f62be0b45659080ccc 
Number of updated asset objects reloaded before import = 0
Number of asset objects unloaded after import = 1
========================================================================
Received Import Request.
  Time of request: 2026-09-12T19:07:26.735882Z
  Time since last request: 0.961032625 seconds.
  importAddress: GUID: 6c1c4637db19f44e08ebf3215f799c72 - Path: Assets/Inputs/InputActions.inputactions - Importer: ScriptedImporter/UnityEditor.QuickSearchModule:UnityEditor.Search:ASIAI0B
Importing 'GUID: 6c1c4637db19f44e08ebf3215f799c72 - Path: Assets/Inputs/InputActions.inputactions - Importer: ScriptedImporter/UnityEditor.QuickSearchModule:UnityEditor.Search:ASIAI0B' with importer (ScriptedImporter : UnityEditor.QuickSearchModule:UnityEditor.Search:ASIAI0B)
Imported 'GUID: 6c1c4637db19f44e08ebf3215f799c72' -> (Import Result ID: '47a853ce1092f7ca97dbe0b0023e3bea') in 0.014 seconds [static and dynamic dependencies]. Details - ImportResultOutputID=29247138bf6c18080583e945274f3a68 DependenciesID=e59189b75938c6bfd10f8f2a6ec4d97e StaticDependenciesID=df53fa6ba765c2ccdc5bb3b1e80bb850 
Number of updated asset objects reloaded before import = 0
Number of asset objects unloaded after import = 1
========================================================================
Received Import Request.
  Time of request: 2026-09-12T19:07:41.107248Z
  Time since last request: 14.347934333 seconds.
  importAddress: GUID: 6c1c4637db19f44e08ebf3215f799c72 - Path: Assets/Inputs/PlayerControls.inputactions - Importer: PreviewImporter
Importing 'GUID: 6c1c4637db19f44e08ebf3215f799c72 - Path: Assets/Inputs/PlayerControls.inputactions - Importer: PreviewImporter' with importer (PreviewImporter)
Imported 'GUID: 6c1c4637db19f44e08ebf3215f799c72' -> (Import Result ID: '382ecc48c6924f8c7b39e5c392d40812') in 0.000 seconds [static and dynamic dependencies]. Details - ImportResultOutputID=a8566db9371be21ec9f6884fb1ad23b2 DependenciesID=bd25cf6357edabb9e03f1ba41479c2ea StaticDependenciesID=810f2492ad5ea202f4e312ad87e05408 
Number of updated asset objects reloaded before import = 0
Number of asset objects unloaded after import = 1
========================================================================
Received Import Request.
  Time of request: 2026-09-12T19:07:42.10241Z
  Time since last request: 0.985742958 seconds.
  importAddress: GUID: 6c1c4637db19f44e08ebf3215f799c72 - Path: Assets/Inputs/PlayerControls.inputactions - Importer: ScriptedImporter/UnityEditor.QuickSearchModule:UnityEditor.Search:ASIAI0B
Importing 'GUID: 6c1c4637db19f44e08ebf3215f799c72 - Path: Assets/Inputs/PlayerControls.inputactions - Importer: ScriptedImporter/UnityEditor.QuickSearchModule:UnityEditor.Search:ASIAI0B' with importer (ScriptedImporter : UnityEditor.QuickSearchModule:UnityEditor.Search:ASIAI0B)
Imported 'GUID: 6c1c4637db19f44e08ebf3215f799c72' -> (Import Result ID: 'afa38ee81768a37a1bc8784a4b307e5e') in 0.001 seconds [static and dynamic dependencies]. Details - ImportResultOutputID=236f02f36070c7a4d2b414d0dff22c46 DependenciesID=a660ef185a5800343f41bf062d99caec StaticDependenciesID=c546646329b6763c0b74acc60c6f2a72 
Number of updated asset objects reloaded before import = 0
Number of asset objects unloaded after import = 1
========================================================================
Received Import Request.
  Time of request: 2026-09-12T19:09:24.052967Z
  Time since last request: 101.94097795899999 seconds.
  importAddress: GUID: 6c1c4637db19f44e08ebf3215f799c72 - Path: Assets/Inputs/PlayerControls.inputactions - Importer: PreviewImporter
Importing 'GUID: 6c1c4637db19f44e08ebf3215f799c72 - Path: Assets/Inputs/PlayerControls.inputactions - Importer: PreviewImporter' with importer (PreviewImporter)
Imported 'GUID: 6c1c4637db19f44e08ebf3215f799c72' -> (Import Result ID: '38a289e469e61495cce9fd149c75f1f8') in 0.001 seconds [static and dynamic dependencies]. Details - ImportResultOutputID=a8566db9371be21ec9f6884fb1ad23b2 DependenciesID=ec4a5c9e124f317fb868e5b4b7c7cb80 StaticDependenciesID=c731afd3ed39df1ba11c1b1edc86d372 
Number of updated asset objects reloaded before import = 0
Number of asset objects unloaded after import = 1
========================================================================
Received Import Request.
  Time of request: 2026-09-12T19:09:25.050297Z
  Time since last request: 0.98724825 seconds.
  importAddress: GUID: 6c1c4637db19f44e08ebf3215f799c72 - Path: Assets/Inputs/PlayerControls.inputactions - Importer: ScriptedImporter/UnityEditor.QuickSearchModule:UnityEditor.Search:ASIAI0B
Importing 'GUID: 6c1c4637db19f44e08ebf3215f799c72 - Path: Assets/Inputs/PlayerControls.inputactions - Importer: ScriptedImporter/UnityEditor.QuickSearchModule:UnityEditor.Search:ASIAI0B' with importer (ScriptedImporter : UnityEditor.QuickSearchModule:UnityEditor.Search:ASIAI0B)
Imported 'GUID: 6c1c4637db19f44e08ebf3215f799c72' -> (Import Result ID: 'e60907d2b4fa9316dde18b3b92afffea') in 0.001 seconds [static and dynamic dependencies]. Details - ImportResultOutputID=807a7e203652e97c6b96852b451a4f3b DependenciesID=a4ce649c8190c8970d974346f8e72a77 StaticDependenciesID=d7e4f87ad5293b9fc69c8c0b5abfa823 
Number of updated asset objects reloaded before import = 0
Number of asset objects unloaded after import = 1
========================================================================
Received Import Request.
  Time of request: 2026-09-12T19:12:13.741166Z
  Time since last request: 168.680986542 seconds.
  importAddress: GUID: 6c1c4637db19f44e08ebf3215f799c72 - Path: Assets/Inputs/PlayerControls.inputactions - Importer: PreviewImporter
Importing 'GUID: 6c1c4637db19f44e08ebf3215f799c72 - Path: Assets/Inputs/PlayerControls.inputactions - Importer: PreviewImporter' with importer (PreviewImporter)
Imported 'GUID: 6c1c4637db19f44e08ebf3215f799c72' -> (Import Result ID: 'c52aedb3d89b1d74d972d27f788c3973') in 0.001 seconds [static and dynamic dependencies]. Details - ImportResultOutputID=a8566db9371be21ec9f6884fb1ad23b2 DependenciesID=6307b516c9ab7986915c0e0f1b45a99e StaticDependenciesID=0ba5502f2203865972fd8dcdc46d2d63 
Number of updated asset objects reloaded before import = 0
Number of asset objects unloaded after import = 2
========================================================================
Received Import Request.
  Time of request: 2026-09-12T19:12:14.727166Z
  Time since last request: 0.976208208 seconds.
  importAddress: GUID: 6c1c4637db19f44e08ebf3215f799c72 - Path: Assets/Inputs/PlayerControls.inputactions - Importer: ScriptedImporter/UnityEditor.QuickSearchModule:UnityEditor.Search:ASIAI0B
Importing 'GUID: 6c1c4637db19f44e08ebf3215f799c72 - Path: Assets/Inputs/PlayerControls.inputactions - Importer: ScriptedImporter/UnityEditor.QuickSearchModule:UnityEditor.Search:ASIAI0B' with importer (ScriptedImporter : UnityEditor.QuickSearchModule:UnityEditor.Search:ASIAI0B)
Imported 'GUID: 6c1c4637db19f44e08ebf3215f799c72' -> (Import Result ID: '98cfbefe27f7b59c1278c193c0df616f') in 0.061 seconds [static and dynamic dependencies]. Details - ImportResultOutputID=d3de5c7cf9ab59196f3faab178a2fe80 DependenciesID=30a37561c40890311bfbf2127e62c142 StaticDependenciesID=93b4463558a958aded04aff1d1ef4a4e 
Number of updated asset objects reloaded before import = 0
Number of asset objects unloaded after import = 4
========================================================================
Received Prepare
AcceleratorClientConnectionCallback - disconnected - :0
[Licensing::Client] Successfully resolved entitlement details
Begin MonoManager ReloadAssembly
Thread 0x16baa7000 may have been prematurely finalized
'Packages/com.unity.render-pipelines.core/Editor/Deprecated.cs' contains partial class of Unity.Object, exactly 1 of the partial classes needs to be in a file with the same filename. This is to know the one that can be referenced from ie. GameObjects
'Packages/com.unity.render-pipelines.core/Editor/Deprecated.cs' contains partial class of Unity.Object, exactly 1 of the partial classes needs to be in a file with the same filename. This is to know the one that can be referenced from ie. GameObjects
[MODES] ModeService[none].Initialize
[MODES] ModeService[none].LoadModes
[Package Manager] Failed to launch server process. Reason: Unity was launched with the -noUpm command-line argument
[Package Manager] Unable to send message (not connected to server process).
[Package Manager] Cannot connect to Unity Package Manager local server
Native extension for OSXStandalone target not found
[Package Manager] Failed to launch server process. Reason: Unity was launched with the -noUpm command-line argument
[Package Manager] Unable to send message (not connected to server process).
[Package Manager] Cannot connect to Unity Package Manager local server
ScheduleIndexationOnStartup MainProcess:False IndexOnStartup:True
Scripting: successfully reloaded assembly
- Finished resetting the current domain, in  0.348 seconds
Domain Reload Profiling: 853ms
	BeginReloadAssembly (153ms)
		DisableScriptedObjects (20ms)
		CreateAndSetChildDomain (31ms)
	RebuildCommonClasses (4ms)
	RebuildNativeTypeToScriptingClass (7ms)
	initialDomainReloadingComplete (30ms)
	LoadAllAssembliesAndSetupDomain (311ms)
		LoadAssemblies (175ms)
		TypeCache.Refresh (10ms)
		AnalyzeDomain (87ms)
			BuildScriptInfoCaches (84ms)
	FinalizeReload (348ms)
		SetupLoadedEditorAssemblies (0ms)
			BeforeProcessingInitializeOnLoad (54ms)
			ProcessInitializeOnLoadAttributes (118ms)
			ProcessInitializeOnLoadMethodAttributes (33ms)
		AwakeInstancesAfterBackupRestoration (9ms)
WARNING: Shader Unsupported: 'Universal Render Pipeline/VR/SpatialMapping/Wireframe' - All subshaders removed
WARNING: Shader Did you use #pragma only_renderers and omit this platform?
WARNING: Shader If subshaders removal was intentional, you may have forgotten turning Fallback off?
Shader Hidden/ChartRasterizerHardware is not supported: GPU does not support conservative rasterization
Unloading 33 Unused Serialized files (Serialized files now loaded: 0)
Unloading 7244 unused Assets / (6.1 MB). Loaded Objects now: 8263.
Memory consumption went from 458.7 MB to 452.6 MB.
Total: 5.088708 ms (FindLiveObjects: 0.393083 ms CreateObjectMapping: 0.143334 ms MarkObjects: 3.785916 ms  DeleteObjects: 0.700041 ms)

Prepare: number of updated asset objects reloaded= 0
========================================================================
Received Prepare
AcceleratorClientConnectionCallback - disconnected - :0
Thread 0x16b98f000 may have been prematurely finalized
[Licensing::Client] Successfully resolved entitlement details
Begin MonoManager ReloadAssembly
'Packages/com.unity.render-pipelines.core/Editor/Deprecated.cs' contains partial class of Unity.Object, exactly 1 of the partial classes needs to be in a file with the same filename. This is to know the one that can be referenced from ie. GameObjects
'Packages/com.unity.render-pipelines.core/Editor/Deprecated.cs' contains partial class of Unity.Object, exactly 1 of the partial classes needs to be in a file with the same filename. This is to know the one that can be referenced from ie. GameObjects
[MODES] ModeService[none].Initialize
[MODES] ModeService[none].LoadModes
[Package Manager] Failed to launch server process. Reason: Unity was launched with the -noUpm command-line argument
[Package Manager] Unable to send message (not connected to server process).
[Package Manager] Cannot connect to Unity Package Manager local server
Native extension for OSXStandalone target not found
[Package Manager] Failed to launch server process. Reason: Unity was launched with the -noUpm command-line argument
[Package Manager] Unable to send message (not connected to server process).
[Package Manager] Cannot connect to Unity Package Manager local server
ScheduleIndexationOnStartup MainProcess:False IndexOnStartup:True
Scripting: successfully reloaded assembly
- Finished resetting the current domain, in  0.335 seconds
Domain Reload Profiling: 803ms
	BeginReloadAssembly (149ms)
		DisableScriptedObjects (11ms)
		CreateAndSetChildDomain (36ms)
	RebuildCommonClasses (4ms)
	RebuildNativeTypeToScriptingClass (7ms)
	initialDomainReloadingComplete (27ms)
	LoadAllAssembliesAndSetupDomain (281ms)
		LoadAssemblies (147ms)
		TypeCache.Refresh (9ms)
		AnalyzeDomain (96ms)
			BuildScriptInfoCaches (91ms)
	FinalizeReload (335ms)
		SetupLoadedEditorAssemblies (0ms)
			BeforeProcessingInitializeOnLoad (50ms)
			ProcessInitializeOnLoadAttributes (117ms)
			ProcessInitializeOnLoadMethodAttributes (32ms)
		AwakeInstancesAfterBackupRestoration (8ms)
WARNING: Shader Unsupported: 'Universal Render Pipeline/VR/SpatialMapping/Wireframe' - All subshaders removed
WARNING: Shader Did you use #pragma only_renderers and omit this platform?
WARNING: Shader If subshaders removal was intentional, you may have forgotten turning Fallback off?
Shader Hidden/ChartRasterizerHardware is not supported: GPU does not support conservative rasterization
Unloading 33 Unused Serialized files (Serialized files now loaded: 0)
Unloading 7244 unused Assets / (5.7 MB). Loaded Objects now: 8266.
Memory consumption went from 453.1 MB to 447.4 MB.
Total: 5.280834 ms (FindLiveObjects: 0.445583 ms CreateObjectMapping: 0.127959 ms MarkObjects: 3.904750 ms  DeleteObjects: 0.734791 ms)

Prepare: number of updated asset objects reloaded= 0
========================================================================
Received Prepare
AcceleratorClientConnectionCallback - disconnected - :0
WARNING: Shader Unsupported: 'Universal Render Pipeline/VR/SpatialMapping/Wireframe' - All subshaders removed
WARNING: Shader Did you use #pragma only_renderers and omit this platform?
WARNING: Shader If subshaders removal was intentional, you may have forgotten turning Fallback off?
Shader Hidden/ChartRasterizerHardware is not supported: GPU does not support conservative rasterization
Refreshing native plugins compatible for Editor in 5.94 ms, found 3 plugins.
Unloading 33 Unused Serialized files (Serialized files now loaded: 0)
Unloading 33 unused Assets / (3.4 MB). Loaded Objects now: 8266.
Memory consumption went from 431.8 MB to 428.4 MB.
Total: 4.378292 ms (FindLiveObjects: 0.270916 ms CreateObjectMapping: 0.099125 ms MarkObjects: 3.698084 ms  DeleteObjects: 0.230042 ms)

Prepare: number of updated asset objects reloaded= 0
========================================================================
Received Import Request.
  Time of request: 2026-09-12T19:35:57.665266Z
  Time since last request: 1420.94535870899995 seconds.
  importAddress: GUID: aa95a51e7a27b44738865a2546c266ab - Path: Assets/Scripts/Input.cs - Importer: PreviewImporter
Importing 'GUID: aa95a51e7a27b44738865a2546c266ab - Path: Assets/Scripts/Input.cs - Importer: PreviewImporter' with importer (PreviewImporter)
Imported 'GUID: aa95a51e7a27b44738865a2546c266ab' -> (Import Result ID: 'b1dd3c97036718e5e1ff43f030eed0a3') in 0.006 seconds [static and dynamic dependencies]. Details - ImportResultOutputID=951328d3fc217f5cbe2bd3901bb8697c DependenciesID=5bc553a03b1290996d4fba7f674ff55a StaticDependenciesID=80f9603daedf17cf1a63b816365d6e28 
Number of updated asset objects reloaded before import = 0
Number of asset objects unloaded after import = 0
========================================================================
Received Prepare
AcceleratorClientConnectionCallback - disconnected - :0
WARNING: Shader Unsupported: 'Universal Render Pipeline/VR/SpatialMapping/Wireframe' - All subshaders removed
WARNING: Shader Did you use #pragma only_renderers and omit this platform?
WARNING: Shader If subshaders removal was intentional, you may have forgotten turning Fallback off?
Shader Hidden/ChartRasterizerHardware is not supported: GPU does not support conservative rasterization
Refreshing native plugins compatible for Editor in 7.87 ms, found 3 plugins.
Unloading 33 Unused Serialized files (Serialized files now loaded: 0)
Unloading 33 unused Assets / (3.4 MB). Loaded Objects now: 8266.
Memory consumption went from 428.9 MB to 425.5 MB.
Total: 27.889500 ms (FindLiveObjects: 0.544833 ms CreateObjectMapping: 0.123083 ms MarkObjects: 26.357959 ms  DeleteObjects: 0.741000 ms)

Prepare: number of updated asset objects reloaded= 0
========================================================================
Received Prepare
AcceleratorClientConnectionCallback - disconnected - :0
WARNING: Shader Unsupported: 'Universal Render Pipeline/VR/SpatialMapping/Wireframe' - All subshaders removed
WARNING: Shader Did you use #pragma only_renderers and omit this platform?
WARNING: Shader If subshaders removal was intentional, you may have forgotten turning Fallback off?
Shader Hidden/ChartRasterizerHardware is not supported: GPU does not support conservative rasterization
Unloading 33 Unused Serialized files (Serialized files now loaded: 0)
Unloading 33 unused Assets / (3.4 MB). Loaded Objects now: 8266.
Memory consumption went from 426.0 MB to 422.7 MB.
Total: 5.981167 ms (FindLiveObjects: 0.397666 ms CreateObjectMapping: 0.094125 ms MarkObjects: 5.167417 ms  DeleteObjects: 0.232041 ms)

Prepare: number of updated asset objects reloaded= 0
========================================================================
Received Prepare
AcceleratorClientConnectionCallback - disconnected - :0
WARNING: Shader Unsupported: 'Universal Render Pipeline/VR/SpatialMapping/Wireframe' - All subshaders removed
WARNING: Shader Did you use #pragma only_renderers and omit this platform?
WARNING: Shader If subshaders removal was intentional, you may have forgotten turning Fallback off?
Shader Hidden/ChartRasterizerHardware is not supported: GPU does not support conservative rasterization
Refreshing native plugins compatible for Editor in 5.74 ms, found 3 plugins.
Unloading 33 Unused Serialized files (Serialized files now loaded: 0)
Unloading 33 unused Assets / (3.4 MB). Loaded Objects now: 8266.
Memory consumption went from 423.2 MB to 419.7 MB.
Total: 4.100125 ms (FindLiveObjects: 0.236000 ms CreateObjectMapping: 0.055334 ms MarkObjects: 3.488167 ms  DeleteObjects: 0.248208 ms)

Prepare: number of updated asset objects reloaded= 0
========================================================================
Received Prepare
AcceleratorClientConnectionCallback - disconnected - :0
WARNING: Shader Unsupported: 'Universal Render Pipeline/VR/SpatialMapping/Wireframe' - All subshaders removed
WARNING: Shader Did you use #pragma only_renderers and omit this platform?
WARNING: Shader If subshaders removal was intentional, you may have forgotten turning Fallback off?
Shader Hidden/ChartRasterizerHardware is not supported: GPU does not support conservative rasterization
Unloading 33 Unused Serialized files (Serialized files now loaded: 0)
Unloading 33 unused Assets / (3.4 MB). Loaded Objects now: 8266.
Memory consumption went from 420.3 MB to 416.9 MB.
Total: 4.344750 ms (FindLiveObjects: 0.239459 ms CreateObjectMapping: 0.086208 ms MarkObjects: 3.715375 ms  DeleteObjects: 0.219083 ms)

Prepare: number of updated asset objects reloaded= 0
========================================================================
Received Prepare
AcceleratorClientConnectionCallback - disconnected - :0
WARNING: Shader Unsupported: 'Universal Render Pipeline/VR/SpatialMapping/Wireframe' - All subshaders removed
WARNING: Shader Did you use #pragma only_renderers and omit this platform?
WARNING: Shader If subshaders removal was intentional, you may have forgotten turning Fallback off?
Shader Hidden/ChartRasterizerHardware is not supported: GPU does not support conservative rasterization
Refreshing native plugins compatible for Editor in 5.80 ms, found 3 plugins.
Unloading 33 Unused Serialized files (Serialized files now loaded: 0)
Unloading 33 unused Assets / (3.4 MB). Loaded Objects now: 8266.
Memory consumption went from 417.5 MB to 414.1 MB.
Total: 6.388375 ms (FindLiveObjects: 0.311042 ms CreateObjectMapping: 0.085042 ms MarkObjects: 5.585541 ms  DeleteObjects: 0.318333 ms)

Prepare: number of updated asset objects reloaded= 0
========================================================================
Received Prepare
AcceleratorClientConnectionCallback - disconnected - :0
WARNING: Shader Unsupported: 'Universal Render Pipeline/VR/SpatialMapping/Wireframe' - All subshaders removed
WARNING: Shader Did you use #pragma only_renderers and omit this platform?
WARNING: Shader If subshaders removal was intentional, you may have forgotten turning Fallback off?
Shader Hidden/ChartRasterizerHardware is not supported: GPU does not support conservative rasterization
Refreshing native plugins compatible for Editor in 6.31 ms, found 3 plugins.
Unloading 33 Unused Serialized files (Serialized files now loaded: 0)
Unloading 33 unused Assets / (3.4 MB). Loaded Objects now: 8266.
Memory consumption went from 414.6 MB to 411.2 MB.
Total: 31.428250 ms (FindLiveObjects: 0.500209 ms CreateObjectMapping: 0.120041 ms MarkObjects: 30.277792 ms  DeleteObjects: 0.412917 ms)

Prepare: number of updated asset objects reloaded= 0
========================================================================
Received Prepare
AcceleratorClientConnectionCallback - disconnected - :0
WARNING: Shader Unsupported: 'Universal Render Pipeline/VR/SpatialMapping/Wireframe' - All subshaders removed
WARNING: Shader Did you use #pragma only_renderers and omit this platform?
WARNING: Shader If subshaders removal was intentional, you may have forgotten turning Fallback off?
Shader Hidden/ChartRasterizerHardware is not supported: GPU does not support conservative rasterization
Refreshing native plugins compatible for Editor in 7.95 ms, found 3 plugins.
Unloading 33 Unused Serialized files (Serialized files now loaded: 0)
Unloading 33 unused Assets / (3.4 MB). Loaded Objects now: 8266.
Memory consumption went from 411.7 MB to 408.3 MB.
Total: 12.293041 ms (FindLiveObjects: 0.529750 ms CreateObjectMapping: 0.115250 ms MarkObjects: 11.187666 ms  DeleteObjects: 0.334291 ms)

Prepare: number of updated asset objects reloaded= 0
========================================================================
Received Prepare
AcceleratorClientConnectionCallback - disconnected - :0
[Licensing::Client] Successfully resolved entitlement details
Begin MonoManager ReloadAssembly
Thread 0x16b98f000 may have been prematurely finalized
'Packages/com.unity.render-pipelines.core/Editor/Deprecated.cs' contains partial class of Unity.Object, exactly 1 of the partial classes needs to be in a file with the same filename. This is to know the one that can be referenced from ie. GameObjects
'Packages/com.unity.render-pipelines.core/Editor/Deprecated.cs' contains partial class of Unity.Object, exactly 1 of the partial classes needs to be in a file with the same filename. This is to know the one that can be referenced from ie. GameObjects
[MODES] ModeService[none].Initialize
[MODES] ModeService[none].LoadModes
[Package Manager] Failed to launch server process. Reason: Unity was launched with the -noUpm command-line argument
[Package Manager] Unable to send message (not connected to server process).
[Package Manager] Cannot connect to Unity Package Manager local server
Native extension for OSXStandalone target not found
[Package Manager] Failed to launch server process. Reason: Unity was launched with the -noUpm command-line argument
[Package Manager] Unable to send message (not connected to server process).
[Package Manager] Cannot connect to Unity Package Manager local server
ScheduleIndexationOnStartup MainProcess:False IndexOnStartup:True
Scripting: successfully reloaded assembly
- Finished resetting the current domain, in  0.347 seconds
Domain Reload Profiling: 848ms
	BeginReloadAssembly (129ms)
		DisableScriptedObjects (12ms)
		CreateAndSetChildDomain (31ms)
	RebuildCommonClasses (4ms)
	RebuildNativeTypeToScriptingClass (16ms)
	initialDomainReloadingComplete (35ms)
	LoadAllAssembliesAndSetupDomain (315ms)
		LoadAssemblies (152ms)
		TypeCache.Refresh (9ms)
		AnalyzeDomain (101ms)
			BuildScriptInfoCaches (98ms)
	FinalizeReload (347ms)
		SetupLoadedEditorAssemblies (0ms)
			BeforeProcessingInitializeOnLoad (50ms)
			ProcessInitializeOnLoadAttributes (120ms)
			ProcessInitializeOnLoadMethodAttributes (34ms)
		AwakeInstancesAfterBackupRestoration (9ms)
WARNING: Shader Unsupported: 'Universal Render Pipeline/VR/SpatialMapping/Wireframe' - All subshaders removed
WARNING: Shader Did you use #pragma only_renderers and omit this platform?
WARNING: Shader If subshaders removal was intentional, you may have forgotten turning Fallback off?
Shader Hidden/ChartRasterizerHardware is not supported: GPU does not support conservative rasterization
Unloading 33 Unused Serialized files (Serialized files now loaded: 0)
Unloading 7244 unused Assets / (9.4 MB). Loaded Objects now: 8269.
Memory consumption went from 424.7 MB to 415.2 MB.
Total: 6.369333 ms (FindLiveObjects: 0.421416 ms CreateObjectMapping: 0.184292 ms MarkObjects: 3.882958 ms  DeleteObjects: 1.808208 ms)

Prepare: number of updated asset objects reloaded= 0
========================================================================
Received Prepare
AcceleratorClientConnectionCallback - disconnected - :0
'Packages/com.unity.render-pipelines.core/Editor/Deprecated.cs' contains partial class of Unity.Object, exactly 1 of the partial classes needs to be in a file with the same filename. This is to know the one that can be referenced from ie. GameObjects
'Packages/com.unity.render-pipelines.core/Editor/Deprecated.cs' contains partial class of Unity.Object, exactly 1 of the partial classes needs to be in a file with the same filename. This is to know the one that can be referenced from ie. GameObjects
WARNING: Shader Unsupported: 'Universal Render Pipeline/VR/SpatialMapping/Wireframe' - All subshaders removed
WARNING: Shader Did you use #pragma only_renderers and omit this platform?
WARNING: Shader If subshaders removal was intentional, you may have forgotten turning Fallback off?
Shader Hidden/ChartRasterizerHardware is not supported: GPU does not support conservative rasterization
Unloading 33 Unused Serialized files (Serialized files now loaded: 0)
Unloading 7229 unused Assets / (5.8 MB). Loaded Objects now: 8269.
Memory consumption went from 407.5 MB to 401.7 MB.
Total: 9.035166 ms (FindLiveObjects: 1.013917 ms CreateObjectMapping: 0.310500 ms MarkObjects: 6.787584 ms  DeleteObjects: 0.812708 ms)

Prepare: number of updated asset objects reloaded= 0
========================================================================
Received Prepare
AcceleratorClientConnectionCallback - disconnected - :0
Thread 0x16b98f000 may have been prematurely finalized
[Licensing::Client] Successfully resolved entitlement details
Begin MonoManager ReloadAssembly
'Packages/com.unity.render-pipelines.core/Editor/Deprecated.cs' contains partial class of Unity.Object, exactly 1 of the partial classes needs to be in a file with the same filename. This is to know the one that can be referenced from ie. GameObjects
'Packages/com.unity.render-pipelines.core/Editor/Deprecated.cs' contains partial class of Unity.Object, exactly 1 of the partial classes needs to be in a file with the same filename. This is to know the one that can be referenced from ie. GameObjects
[MODES] ModeService[none].Initialize
[MODES] ModeService[none].LoadModes
[Package Manager] Failed to launch server process. Reason: Unity was launched with the -noUpm command-line argument
[Package Manager] Unable to send message (not connected to server process).
[Package Manager] Cannot connect to Unity Package Manager local server
Native extension for OSXStandalone target not found
[Package Manager] Failed to launch server process. Reason: Unity was launched with the -noUpm command-line argument
[Package Manager] Unable to send message (not connected to server process).
[Package Manager] Cannot connect to Unity Package Manager local server
ScheduleIndexationOnStartup MainProcess:False IndexOnStartup:True
Scripting: successfully reloaded assembly
- Finished resetting the current domain, in  0.317 seconds
Domain Reload Profiling: 816ms
	BeginReloadAssembly (113ms)
		DisableScriptedObjects (8ms)
		CreateAndSetChildDomain (24ms)
	RebuildCommonClasses (4ms)
	RebuildNativeTypeToScriptingClass (7ms)
	initialDomainReloadingComplete (31ms)
	LoadAllAssembliesAndSetupDomain (344ms)
		LoadAssemblies (210ms)
		TypeCache.Refresh (10ms)
		AnalyzeDomain (88ms)
			BuildScriptInfoCaches (85ms)
	FinalizeReload (317ms)
		SetupLoadedEditorAssemblies (0ms)
			BeforeProcessingInitializeOnLoad (48ms)
			ProcessInitializeOnLoadAttributes (112ms)
			ProcessInitializeOnLoadMethodAttributes (30ms)
		AwakeInstancesAfterBackupRestoration (8ms)
WARNING: Shader Unsupported: 'Universal Render Pipeline/VR/SpatialMapping/Wireframe' - All subshaders removed
WARNING: Shader Did you use #pragma only_renderers and omit this platform?
WARNING: Shader If subshaders removal was intentional, you may have forgotten turning Fallback off?
Shader Hidden/ChartRasterizerHardware is not supported: GPU does not support conservative rasterization
Unloading 33 Unused Serialized files (Serialized files now loaded: 0)
Unloading 7244 unused Assets / (5.5 MB). Loaded Objects now: 8272.
Memory consumption went from 416.3 MB to 410.7 MB.
Total: 5.677583 ms (FindLiveObjects: 0.446667 ms CreateObjectMapping: 0.266875 ms MarkObjects: 4.158667 ms  DeleteObjects: 0.737084 ms)

Prepare: number of updated asset objects reloaded= 0
========================================================================
Received Prepare
AcceleratorClientConnectionCallback - disconnected - :0
WARNING: Shader Unsupported: 'Universal Render Pipeline/VR/SpatialMapping/Wireframe' - All subshaders removed
WARNING: Shader Did you use #pragma only_renderers and omit this platform?
WARNING: Shader If subshaders removal was intentional, you may have forgotten turning Fallback off?
Shader Hidden/ChartRasterizerHardware is not supported: GPU does not support conservative rasterization
Unloading 33 Unused Serialized files (Serialized files now loaded: 0)
Unloading 33 unused Assets / (3.4 MB). Loaded Objects now: 8272.
Memory consumption went from 395.1 MB to 391.7 MB.
Total: 7.971750 ms (FindLiveObjects: 0.370166 ms CreateObjectMapping: 0.092750 ms MarkObjects: 7.165167 ms  DeleteObjects: 0.250542 ms)

Prepare: number of updated asset objects reloaded= 0
========================================================================
Received Prepare
AcceleratorClientConnectionCallback - disconnected - :0
WARNING: Shader Unsupported: 'Universal Render Pipeline/VR/SpatialMapping/Wireframe' - All subshaders removed
WARNING: Shader Did you use #pragma only_renderers and omit this platform?
WARNING: Shader If subshaders removal was intentional, you may have forgotten turning Fallback off?
Shader Hidden/ChartRasterizerHardware is not supported: GPU does not support conservative rasterization
Unloading 33 Unused Serialized files (Serialized files now loaded: 0)
Unloading 33 unused Assets / (3.4 MB). Loaded Objects now: 8272.
Memory consumption went from 392.1 MB to 388.7 MB.
Total: 4.257583 ms (FindLiveObjects: 0.233833 ms CreateObjectMapping: 0.086333 ms MarkObjects: 3.677584 ms  DeleteObjects: 0.194500 ms)

Prepare: number of updated asset objects reloaded= 0
Editor requested this worker to shutdown with reason: Editor is closing down
AcceleratorClientConnectionCallback - disconnected - :0
Thread 0x17d3ef000 may have been prematurely finalized
Thread 0x17d363000 may have been prematurely finalized
AssetImportWorker is now disconnected from the server
Process exiting
[ExitDontLaunchBugReporter] Exiting without the bug reporter. Application will exit with return code 0
